
===========================================================================
 report_power
============================================================================
======================= nom_tt_025C_1v80 Corner ===================================

Group                    Internal    Switching      Leakage        Total
                            Power        Power        Power        Power (Watts)
------------------------------------------------------------------------
Sequential           1.794007e-05 2.265876e-05 3.460897e-10 4.059918e-05  25.3%
Combinational        4.552336e-05 7.458996e-05 1.391257e-09 1.201147e-04  74.7%
Clock                8.326964e-12 0.000000e+00 6.484172e-11 7.316869e-11   0.0%
Macro                0.000000e+00 0.000000e+00 0.000000e+00 0.000000e+00   0.0%
Pad                  0.000000e+00 0.000000e+00 0.000000e+00 0.000000e+00   0.0%
------------------------------------------------------------------------
Total                6.346344e-05 9.724873e-05 1.802189e-09 1.607140e-04 100.0%
                            39.5%        60.5%         0.0%
Writing metric power__internal__total: 6.346344162011519e-5
Writing metric power__switching__total: 9.724873234517872e-5
Writing metric power__leakage__total: 1.8021889536257163e-9
Writing metric power__total: 0.00016071397112682462

