
===========================================================================
 report_power
============================================================================
======================= nom_tt_025C_1v80 Corner ===================================

Group                    Internal    Switching      Leakage        Total
                            Power        Power        Power        Power (Watts)
------------------------------------------------------------------------
Sequential           1.270645e-05 2.249851e-05 3.481996e-10 3.520531e-05  24.4%
Combinational        3.442154e-05 7.439639e-05 1.105070e-09 1.088190e-04  75.6%
Clock                6.548624e-12 0.000000e+00 3.402116e-10 3.467602e-10   0.0%
Macro                0.000000e+00 0.000000e+00 0.000000e+00 0.000000e+00   0.0%
Pad                  0.000000e+00 0.000000e+00 0.000000e+00 0.000000e+00   0.0%
------------------------------------------------------------------------
Total                4.712800e-05 9.689490e-05 1.793483e-09 1.440247e-04 100.0%
                            32.7%        67.3%         0.0%

