[INFO GRT-0043] No OR_DEFAULT vias defined.
Net: net51
  Pin: _243_/A (sky130_fd_sc_hd__nand2_1)
    Layer: met2
      Partial area ratio:    6.30
      Required ratio:    0.00 (Gate area) 
      Partial area ratio:   33.50
      Required ratio: 2803.60 (Side area) 
      Cumulative area ratio:    6.41
      Required ratio:    0.00 (Cumulative area) 
      Cumulative area ratio:   34.41
      Required ratio:    0.00 (Cumulative side area) 

    Layer: met1
      Partial area ratio:    0.10
      Required ratio:    0.00 (Gate area) 
      Partial area ratio:    0.91
      Required ratio:  400.00 (Side area) 
      Cumulative area ratio:    0.10
      Required ratio:    0.00 (Cumulative area) 
      Cumulative area ratio:    0.91
      Required ratio:    0.00 (Cumulative side area) 

    Layer: li1
      Partial area ratio:    0.00
      Required ratio:    0.00 (Gate area) 
      Partial area ratio:    0.00
      Required ratio:   75.00 (Side area) 
      Cumulative area ratio:    0.00
      Required ratio:    0.00 (Cumulative area) 
      Cumulative area ratio:    0.00
      Required ratio:    0.00 (Cumulative side area) 

    Via: M1M2_PR
      Partial area ratio:    0.09
      Required ratio:    6.00 (Gate area) 
      Cumulative area ratio:    0.21
      Required ratio:    0.00 (Cumulative area) 

    Via: L1M1_PR
      Partial area ratio:    0.12
      Required ratio:    3.00 (Gate area) 
      Cumulative area ratio:    0.12
      Required ratio:    0.00 (Cumulative area) 

  Pin: output51/A (sky130_fd_sc_hd__buf_2)
    Layer: li1
      Partial area ratio:    0.00
      Required ratio:    0.00 (Gate area) 
      Partial area ratio:    0.00
      Required ratio:   75.00 (Side area) 
      Cumulative area ratio:    0.00
      Required ratio:    0.00 (Cumulative area) 
      Cumulative area ratio:    0.00
      Required ratio:    0.00 (Cumulative side area) 

    Layer: met1
      Partial area ratio:    1.77
      Required ratio:    0.00 (Gate area) 
      Partial area ratio:    9.47
      Required ratio:  400.00 (Side area) 
      Cumulative area ratio:    1.77
      Required ratio:    0.00 (Cumulative area) 
      Cumulative area ratio:    9.47
      Required ratio:    0.00 (Cumulative side area) 

    Layer: met2
      Partial area ratio:    1.20
      Required ratio:    0.00 (Gate area) 
      Partial area ratio:    6.60
      Required ratio:  400.00 (Side area) 
      Cumulative area ratio:    2.97
      Required ratio:    0.00 (Cumulative area) 
      Cumulative area ratio:   16.08
      Required ratio:    0.00 (Cumulative side area) 

    Layer: met3
      Partial area ratio:  169.81
      Required ratio:    0.00 (Gate area) 
      Partial area ratio:  908.68
      Required ratio:  400.00 (Side area) (VIOLATED)
      Cumulative area ratio:  172.78
      Required ratio:    0.00 (Cumulative area) 
      Cumulative area ratio:  924.76
      Required ratio:    0.00 (Cumulative side area) 

    Via: L1M1_PR
      Partial area ratio:    0.18
      Required ratio:    3.00 (Gate area) 
      Cumulative area ratio:    0.18
      Required ratio:    0.00 (Cumulative area) 

    Via: M1M2_PR
      Partial area ratio:    0.14
      Required ratio:    6.00 (Gate area) 
      Cumulative area ratio:    0.32
      Required ratio:    0.00 (Cumulative area) 

    Via: M2M3_PR
      Partial area ratio:    0.25
      Required ratio:    6.00 (Gate area) 
      Cumulative area ratio:    0.57
      Required ratio:    0.00 (Cumulative area) 


Net: net54
  Pin: output54/A (sky130_fd_sc_hd__buf_2)
    Layer: met4
      Partial area ratio:   26.60
      Required ratio:    0.00 (Gate area) 
      Partial area ratio:  144.91
      Required ratio: 2775.60 (Side area) 
      Cumulative area ratio:  192.23
      Required ratio:    0.00 (Cumulative area) 
      Cumulative area ratio: 1030.17
      Required ratio:    0.00 (Cumulative side area) 

    Layer: met3
      Partial area ratio:  156.79
      Required ratio:    0.00 (Gate area) 
      Partial area ratio:  839.25
      Required ratio:  400.00 (Side area) (VIOLATED)
      Cumulative area ratio:  165.63
      Required ratio:    0.00 (Cumulative area) 
      Cumulative area ratio:  885.26
      Required ratio:    0.00 (Cumulative side area) 

    Layer: met2
      Partial area ratio:    8.68
      Required ratio:    0.00 (Gate area) 
      Partial area ratio:   44.64
      Required ratio:  400.00 (Side area) 
      Cumulative area ratio:    8.83
      Required ratio:    0.00 (Cumulative area) 
      Cumulative area ratio:   46.02
      Required ratio:    0.00 (Cumulative side area) 

    Layer: met1
      Partial area ratio:    0.15
      Required ratio:    0.00 (Gate area) 
      Partial area ratio:    1.37
      Required ratio:  400.00 (Side area) 
      Cumulative area ratio:    0.15
      Required ratio:    0.00 (Cumulative area) 
      Cumulative area ratio:    1.37
      Required ratio:    0.00 (Cumulative side area) 

    Layer: li1
      Partial area ratio:    0.00
      Required ratio:    0.00 (Gate area) 
      Partial area ratio:    0.00
      Required ratio:   75.00 (Side area) 
      Cumulative area ratio:    0.00
      Required ratio:    0.00 (Cumulative area) 
      Cumulative area ratio:    0.00
      Required ratio:    0.00 (Cumulative side area) 

    Via: M3M4_PR
      Partial area ratio:    0.25
      Required ratio:    6.00 (Gate area) 
      Cumulative area ratio:    0.83
      Required ratio:    0.00 (Cumulative area) 

    Via: M2M3_PR
      Partial area ratio:    0.25
      Required ratio:    6.00 (Gate area) 
      Cumulative area ratio:    0.57
      Required ratio:    0.00 (Cumulative area) 

    Via: M1M2_PR
      Partial area ratio:    0.14
      Required ratio:    6.00 (Gate area) 
      Cumulative area ratio:    0.32
      Required ratio:    0.00 (Cumulative area) 

    Via: L1M1_PR
      Partial area ratio:    0.18
      Required ratio:    3.00 (Gate area) 
      Cumulative area ratio:    0.18
      Required ratio:    0.00 (Cumulative area) 


Net: net56
  Pin: _259_/A (sky130_fd_sc_hd__nand2_1)
    Layer: met2
      Partial area ratio:    6.85
      Required ratio:    0.00 (Gate area) 
      Partial area ratio:   36.24
      Required ratio: 2775.60 (Side area) 
      Cumulative area ratio:    8.26
      Required ratio:    0.00 (Cumulative area) 
      Cumulative area ratio:   43.66
      Required ratio:    0.00 (Cumulative side area) 

    Layer: met1
      Partial area ratio:    1.40
      Required ratio:    0.00 (Gate area) 
      Partial area ratio:    7.42
      Required ratio:  400.00 (Side area) 
      Cumulative area ratio:    1.40
      Required ratio:    0.00 (Cumulative area) 
      Cumulative area ratio:    7.42
      Required ratio:    0.00 (Cumulative side area) 

    Layer: li1
      Partial area ratio:    0.00
      Required ratio:    0.00 (Gate area) 
      Partial area ratio:    0.00
      Required ratio:   75.00 (Side area) 
      Cumulative area ratio:    0.00
      Required ratio:    0.00 (Cumulative area) 
      Cumulative area ratio:    0.00
      Required ratio:    0.00 (Cumulative side area) 

    Via: M1M2_PR
      Partial area ratio:    0.09
      Required ratio:    6.00 (Gate area) 
      Cumulative area ratio:    0.21
      Required ratio:    0.00 (Cumulative area) 

    Via: L1M1_PR
      Partial area ratio:    0.12
      Required ratio:    3.00 (Gate area) 
      Cumulative area ratio:    0.12
      Required ratio:    0.00 (Cumulative area) 

  Pin: output56/A (sky130_fd_sc_hd__buf_2)
    Layer: li1
      Partial area ratio:    0.00
      Required ratio:    0.00 (Gate area) 
      Partial area ratio:    0.00
      Required ratio:   75.00 (Side area) 
      Cumulative area ratio:    0.00
      Required ratio:    0.00 (Cumulative area) 
      Cumulative area ratio:    0.00
      Required ratio:    0.00 (Cumulative side area) 

    Layer: met1
      Partial area ratio:    1.77
      Required ratio:    0.00 (Gate area) 
      Partial area ratio:    9.47
      Required ratio:  400.00 (Side area) 
      Cumulative area ratio:    1.77
      Required ratio:    0.00 (Cumulative area) 
      Cumulative area ratio:    9.47
      Required ratio:    0.00 (Cumulative side area) 

    Layer: met2
      Partial area ratio:    8.68
      Required ratio:    0.00 (Gate area) 
      Partial area ratio:   44.64
      Required ratio:  400.00 (Side area) 
      Cumulative area ratio:   10.45
      Required ratio:    0.00 (Cumulative area) 
      Cumulative area ratio:   54.12
      Required ratio:    0.00 (Cumulative side area) 

    Layer: met3
      Partial area ratio:  143.77
      Required ratio:    0.00 (Gate area) 
      Partial area ratio:  769.81
      Required ratio:  400.00 (Side area) (VIOLATED)
      Cumulative area ratio:  154.23
      Required ratio:    0.00 (Cumulative area) 
      Cumulative area ratio:  823.93
      Required ratio:    0.00 (Cumulative side area) 

    Layer: met4
      Partial area ratio:   26.60
      Required ratio:    0.00 (Gate area) 
      Partial area ratio:  144.91
      Required ratio:  400.00 (Side area) 
      Cumulative area ratio:  180.83
      Required ratio:    0.00 (Cumulative area) 
      Cumulative area ratio:  968.83
      Required ratio:    0.00 (Cumulative side area) 

    Via: L1M1_PR
      Partial area ratio:    0.18
      Required ratio:    3.00 (Gate area) 
      Cumulative area ratio:    0.18
      Required ratio:    0.00 (Cumulative area) 

    Via: M1M2_PR
      Partial area ratio:    0.14
      Required ratio:    6.00 (Gate area) 
      Cumulative area ratio:    0.32
      Required ratio:    0.00 (Cumulative area) 

    Via: M2M3_PR
      Partial area ratio:    0.25
      Required ratio:    6.00 (Gate area) 
      Cumulative area ratio:    0.57
      Required ratio:    0.00 (Cumulative area) 

    Via: M3M4_PR
      Partial area ratio:    0.25
      Required ratio:    6.00 (Gate area) 
      Cumulative area ratio:    0.83
      Required ratio:    0.00 (Cumulative area) 


Net: net58
  Pin: _266_/A (sky130_fd_sc_hd__nand2_1)
    Layer: met2
      Partial area ratio:    6.85
      Required ratio:    0.00 (Gate area) 
      Partial area ratio:   36.24
      Required ratio: 2775.60 (Side area) 
      Cumulative area ratio:    8.00
      Required ratio:    0.00 (Cumulative area) 
      Cumulative area ratio:   42.36
      Required ratio:    0.00 (Cumulative side area) 

    Layer: met1
      Partial area ratio:    1.14
      Required ratio:    0.00 (Gate area) 
      Partial area ratio:    6.12
      Required ratio:  400.00 (Side area) 
      Cumulative area ratio:    1.14
      Required ratio:    0.00 (Cumulative area) 
      Cumulative area ratio:    6.12
      Required ratio:    0.00 (Cumulative side area) 

    Layer: li1
      Partial area ratio:    0.00
      Required ratio:    0.00 (Gate area) 
      Partial area ratio:    0.00
      Required ratio:   75.00 (Side area) 
      Cumulative area ratio:    0.00
      Required ratio:    0.00 (Cumulative area) 
      Cumulative area ratio:    0.00
      Required ratio:    0.00 (Cumulative side area) 

    Via: M1M2_PR
      Partial area ratio:    0.09
      Required ratio:    6.00 (Gate area) 
      Cumulative area ratio:    0.21
      Required ratio:    0.00 (Cumulative area) 

    Via: L1M1_PR
      Partial area ratio:    0.12
      Required ratio:    3.00 (Gate area) 
      Cumulative area ratio:    0.12
      Required ratio:    0.00 (Cumulative area) 

  Pin: output58/A (sky130_fd_sc_hd__buf_2)
    Layer: li1
      Partial area ratio:    0.00
      Required ratio:    0.00 (Gate area) 
      Partial area ratio:    0.00
      Required ratio:   75.00 (Side area) 
      Cumulative area ratio:    0.00
      Required ratio:    0.00 (Cumulative area) 
      Cumulative area ratio:    0.00
      Required ratio:    0.00 (Cumulative side area) 

    Layer: met1
      Partial area ratio:    1.77
      Required ratio:    0.00 (Gate area) 
      Partial area ratio:    9.47
      Required ratio:  400.00 (Side area) 
      Cumulative area ratio:    1.77
      Required ratio:    0.00 (Cumulative area) 
      Cumulative area ratio:    9.47
      Required ratio:    0.00 (Cumulative side area) 

    Layer: met2
      Partial area ratio:    6.69
      Required ratio:    0.00 (Gate area) 
      Partial area ratio:   34.69
      Required ratio:  400.00 (Side area) 
      Cumulative area ratio:    8.46
      Required ratio:    0.00 (Cumulative area) 
      Cumulative area ratio:   44.17
      Required ratio:    0.00 (Cumulative side area) 

    Layer: met3
      Partial area ratio:  104.72
      Required ratio:    0.00 (Gate area) 
      Partial area ratio:  561.51
      Required ratio:  400.00 (Side area) (VIOLATED)
      Cumulative area ratio:  113.18
      Required ratio:    0.00 (Cumulative area) 
      Cumulative area ratio:  605.68
      Required ratio:    0.00 (Cumulative side area) 

    Via: L1M1_PR
      Partial area ratio:    0.18
      Required ratio:    3.00 (Gate area) 
      Cumulative area ratio:    0.18
      Required ratio:    0.00 (Cumulative area) 

    Via: M1M2_PR
      Partial area ratio:    0.14
      Required ratio:    6.00 (Gate area) 
      Cumulative area ratio:    0.32
      Required ratio:    0.00 (Cumulative area) 

    Via: M2M3_PR
      Partial area ratio:    0.25
      Required ratio:    6.00 (Gate area) 
      Cumulative area ratio:    0.57
      Required ratio:    0.00 (Cumulative area) 


Net: net80
  Pin: output80/A (sky130_fd_sc_hd__buf_2)
    Layer: met4
      Partial area ratio:   13.58
      Required ratio:    0.00 (Gate area) 
      Partial area ratio:   75.47
      Required ratio: 2771.60 (Side area) 
      Cumulative area ratio:  105.77
      Required ratio:    0.00 (Cumulative area) 
      Cumulative area ratio:  571.21
      Required ratio:    0.00 (Cumulative side area) 

    Layer: met3
      Partial area ratio:   91.70
      Required ratio:    0.00 (Gate area) 
      Partial area ratio:  492.08
      Required ratio:  400.00 (Side area) (VIOLATED)
      Cumulative area ratio:   92.18
      Required ratio:    0.00 (Cumulative area) 
      Cumulative area ratio:  495.74
      Required ratio:    0.00 (Cumulative side area) 

    Layer: met2
      Partial area ratio:    0.33
      Required ratio:    0.00 (Gate area) 
      Partial area ratio:    2.29
      Required ratio:  400.00 (Side area) 
      Cumulative area ratio:    0.49
      Required ratio:    0.00 (Cumulative area) 
      Cumulative area ratio:    3.66
      Required ratio:    0.00 (Cumulative side area) 

    Layer: met1
      Partial area ratio:    0.15
      Required ratio:    0.00 (Gate area) 
      Partial area ratio:    1.37
      Required ratio:  400.00 (Side area) 
      Cumulative area ratio:    0.15
      Required ratio:    0.00 (Cumulative area) 
      Cumulative area ratio:    1.37
      Required ratio:    0.00 (Cumulative side area) 

    Layer: li1
      Partial area ratio:    0.00
      Required ratio:    0.00 (Gate area) 
      Partial area ratio:    0.00
      Required ratio:   75.00 (Side area) 
      Cumulative area ratio:    0.00
      Required ratio:    0.00 (Cumulative area) 
      Cumulative area ratio:    0.00
      Required ratio:    0.00 (Cumulative side area) 

    Via: M3M4_PR
      Partial area ratio:    0.25
      Required ratio:    6.00 (Gate area) 
      Cumulative area ratio:    0.83
      Required ratio:    0.00 (Cumulative area) 

    Via: M2M3_PR
      Partial area ratio:    0.25
      Required ratio:    6.00 (Gate area) 
      Cumulative area ratio:    0.57
      Required ratio:    0.00 (Cumulative area) 

    Via: M1M2_PR
      Partial area ratio:    0.14
      Required ratio:    6.00 (Gate area) 
      Cumulative area ratio:    0.32
      Required ratio:    0.00 (Cumulative area) 

    Via: L1M1_PR
      Partial area ratio:    0.18
      Required ratio:    3.00 (Gate area) 
      Cumulative area ratio:    0.18
      Required ratio:    0.00 (Cumulative area) 


[INFO ANT-0002] Found 5 net violations.
[INFO ANT-0001] Found 5 pin violations.
