
===========================================================================
 report_power
============================================================================
======================= max_tt_025C_1v80 Corner ===================================

Group                    Internal    Switching      Leakage        Total
                            Power        Power        Power        Power (Watts)
------------------------------------------------------------------------
Sequential           1.520356e-05 3.442838e-05 3.460897e-10 4.963228e-05  25.5%
Combinational        4.541167e-05 9.941038e-05 1.391257e-09 1.448235e-04  74.5%
Clock                9.221498e-12 0.000000e+00 1.912035e-10 2.004250e-10   0.0%
Macro                0.000000e+00 0.000000e+00 0.000000e+00 0.000000e+00   0.0%
Pad                  0.000000e+00 0.000000e+00 0.000000e+00 0.000000e+00   0.0%
------------------------------------------------------------------------
Total                6.061524e-05 1.338388e-04 1.928549e-09 1.944560e-04 100.0%
                            31.2%        68.8%         0.0%

