
===========================================================================
 report_power
============================================================================
======================= max_ss_100C_1v60 Corner ===================================

Group                    Internal    Switching      Leakage        Total
                            Power        Power        Power        Power (Watts)
------------------------------------------------------------------------
Sequential           1.193359e-05 2.703729e-05 5.432610e-07 3.951414e-05  25.3%
Combinational        3.693741e-05 7.812009e-05 1.673695e-06 1.167312e-04  74.7%
Clock                -5.790822e-12 0.000000e+00 1.937414e-10 1.879506e-10   0.0%
Macro                0.000000e+00 0.000000e+00 0.000000e+00 0.000000e+00   0.0%
Pad                  0.000000e+00 0.000000e+00 0.000000e+00 0.000000e+00   0.0%
------------------------------------------------------------------------
Total                4.887099e-05 1.051574e-04 2.217151e-06 1.562455e-04 100.0%
                            31.3%        67.3%         1.4%

