
===========================================================================
 report_power
============================================================================
======================= nom_tt_025C_1v80 Corner ===================================

Group                    Internal    Switching      Leakage        Total
                            Power        Power        Power        Power (Watts)
------------------------------------------------------------------------
Sequential           1.540238e-05 4.739750e-05 3.367806e-10 6.280022e-05  40.3%
Combinational        3.514043e-05 5.805244e-05 8.140033e-10 9.319368e-05  59.7%
Clock                0.000000e+00 0.000000e+00 6.480075e-11 6.480075e-11   0.0%
Macro                0.000000e+00 0.000000e+00 0.000000e+00 0.000000e+00   0.0%
Pad                  0.000000e+00 0.000000e+00 0.000000e+00 0.000000e+00   0.0%
------------------------------------------------------------------------
Total                5.054282e-05 1.054500e-04 1.215585e-09 1.559940e-04 100.0%
                            32.4%        67.6%         0.0%
Writing metric power__internal__total: 5.054282155469991e-5
Writing metric power__switching__total: 0.00010544995893724263
Writing metric power__leakage__total: 1.2155850770412258e-9
Writing metric power__total: 0.00015599399921484292

