
===========================================================================
 report_power
============================================================================
======================= max_tt_025C_1v80 Corner ===================================

Group                    Internal    Switching      Leakage        Total
                            Power        Power        Power        Power (Watts)
------------------------------------------------------------------------
Sequential           1.248914e-05 2.345138e-05 3.481996e-10 3.594087e-05  24.6%
Combinational        3.442800e-05 7.575343e-05 1.105070e-09 1.101825e-04  75.4%
Clock                6.065815e-12 0.000000e+00 3.402116e-10 3.462774e-10   0.0%
Macro                0.000000e+00 0.000000e+00 0.000000e+00 0.000000e+00   0.0%
Pad                  0.000000e+00 0.000000e+00 0.000000e+00 0.000000e+00   0.0%
------------------------------------------------------------------------
Total                4.691714e-05 9.920480e-05 1.793483e-09 1.461237e-04 100.0%
                            32.1%        67.9%         0.0%

