
===========================================================================
 report_power
============================================================================
======================= nom_tt_025C_1v80 Corner ===================================

Group                    Internal    Switching      Leakage        Total
                            Power        Power        Power        Power (Watts)
------------------------------------------------------------------------
Sequential           1.382308e-05 1.782657e-05 3.481996e-10 3.165000e-05  24.5%
Combinational        3.441011e-05 6.335136e-05 1.105070e-09 9.776258e-05  75.5%
Clock                1.309142e-11 0.000000e+00 6.480708e-11 7.789851e-11   0.0%
Macro                0.000000e+00 0.000000e+00 0.000000e+00 0.000000e+00   0.0%
Pad                  0.000000e+00 0.000000e+00 0.000000e+00 0.000000e+00   0.0%
------------------------------------------------------------------------
Total                4.823321e-05 8.117793e-05 1.518079e-09 1.294127e-04 100.0%
                            37.3%        62.7%         0.0%
Writing metric power__internal__total: 4.823321069125086e-5
Writing metric power__switching__total: 8.117793186102062e-5
Writing metric power__leakage__total: 1.518079106865855e-9
Writing metric power__total: 0.00012941265595145524

