
===========================================================================
 report_power
============================================================================
======================= nom_tt_025C_1v80 Corner ===================================

Group                    Internal    Switching      Leakage        Total
                            Power        Power        Power        Power (Watts)
------------------------------------------------------------------------
Sequential           -5.613100e-08 0.000000e+00 3.454330e-10 -5.578557e-08  -0.5%
Combinational        4.082247e-06 7.824246e-06 1.188014e-09 1.190768e-05 100.5%
Clock                0.000000e+00 0.000000e+00 0.000000e+00 0.000000e+00   0.0%
Macro                0.000000e+00 0.000000e+00 0.000000e+00 0.000000e+00   0.0%
Pad                  0.000000e+00 0.000000e+00 0.000000e+00 0.000000e+00   0.0%
------------------------------------------------------------------------
Total                4.026116e-06 7.824246e-06 1.533447e-09 1.185190e-05 100.0%
                            34.0%        66.0%         0.0%

