
===========================================================================
 report_power
============================================================================
======================= min_tt_025C_1v80 Corner ===================================

Group                    Internal    Switching      Leakage        Total
                            Power        Power        Power        Power (Watts)
------------------------------------------------------------------------
Sequential           1.294020e-05 2.149219e-05 3.481996e-10 3.443274e-05  24.5%
Combinational        3.440559e-05 7.189137e-05 1.105070e-09 1.062981e-04  75.5%
Clock                7.269925e-12 0.000000e+00 3.402116e-10 3.474815e-10   0.0%
Macro                0.000000e+00 0.000000e+00 0.000000e+00 0.000000e+00   0.0%
Pad                  0.000000e+00 0.000000e+00 0.000000e+00 0.000000e+00   0.0%
------------------------------------------------------------------------
Total                4.734579e-05 9.338355e-05 1.793483e-09 1.407311e-04 100.0%
                            33.6%        66.4%         0.0%

