
===========================================================================
 report_power
============================================================================
======================= nom_tt_025C_1v80 Corner ===================================

Group                    Internal    Switching      Leakage        Total
                            Power        Power        Power        Power (Watts)
------------------------------------------------------------------------
Sequential           1.860251e-05 1.934863e-05 3.460897e-10 3.795148e-05  25.6%
Combinational        4.533513e-05 6.506989e-05 1.391257e-09 1.104064e-04  74.4%
Clock                0.000000e+00 0.000000e+00 6.480075e-11 6.480075e-11   0.0%
Macro                0.000000e+00 0.000000e+00 0.000000e+00 0.000000e+00   0.0%
Pad                  0.000000e+00 0.000000e+00 0.000000e+00 0.000000e+00   0.0%
------------------------------------------------------------------------
Total                6.393764e-05 8.441850e-05 1.802148e-09 1.483579e-04 100.0%
                            43.1%        56.9%         0.0%
Writing metric power__internal__total: 6.393764488166198e-5
Writing metric power__switching__total: 8.441849786322564e-5
Writing metric power__leakage__total: 1.8021478753738052e-9
Writing metric power__total: 0.00014835793990641832

