
===========================================================================
report_checks -unconstrained
===========================================================================
======================= nom_ff_n40C_1v95 Corner ===================================

Startpoint: RST_Z (input port clocked by __VIRTUAL_CLK__)
Endpoint: DEBUG_OUT (output port clocked by __VIRTUAL_CLK__)
Path Group: __VIRTUAL_CLK__
Path Type: max

Fanout         Cap        Slew       Delay        Time   Description
---------------------------------------------------------------------------------------------
                      0.000000    0.000000    0.000000   clock __VIRTUAL_CLK__ (rise edge)
                                  0.000000    0.000000   clock network delay (ideal)
                                  2.000000    2.000000 ^ input external delay
     1    0.010738    0.041027    0.026918    2.026918 ^ RST_Z (in)
                                                         RST_Z (net)
                      0.041029    0.000000    2.026918 ^ x5/A (sky130_fd_sc_hd__inv_4)
     5    0.022420    0.025641    0.029733    2.056650 v x5/Y (sky130_fd_sc_hd__inv_4)
                                                         RSTi (net)
                      0.025671    0.000691    2.057342 v x3/B (sky130_fd_sc_hd__nor2_1)
     1    0.002653    0.051567    0.051576    2.108918 ^ x3/Y (sky130_fd_sc_hd__nor2_1)
                                                         S_IDLE_Z (net)
                      0.051567    0.000076    2.108994 ^ x1/A (sky130_fd_sc_hd__nand2_1)
     5    0.012978    0.059836    0.062422    2.171416 v x1/Y (sky130_fd_sc_hd__nand2_1)
                                                         IDLE (net)
                      0.059837    0.000230    2.171646 v x10/B (sky130_fd_sc_hd__nand2_1)
     1    0.002594    0.034900    0.053478    2.225124 ^ x10/Y (sky130_fd_sc_hd__nand2_1)
                                                         S_SAMPLE_Z (net)
                      0.034900    0.000051    2.225175 ^ x8/A (sky130_fd_sc_hd__nand2_1)
     1    0.002465    0.019185    0.024091    2.249266 v x8/Y (sky130_fd_sc_hd__nand2_1)
                                                         net4 (net)
                      0.019185    0.000048    2.249314 v x9/A (sky130_fd_sc_hd__nand2_1)
     2    0.008287    0.062772    0.058646    2.307960 ^ x9/Y (sky130_fd_sc_hd__nand2_1)
                                                         net3 (net)
                      0.062773    0.000213    2.308173 ^ x11/A (sky130_fd_sc_hd__inv_2)
     7    0.021678    0.040825    0.045551    2.353724 v x11/Y (sky130_fd_sc_hd__inv_2)
                                                         SAMPLE (net)
                      0.040831    0.000416    2.354139 v x18/A (sky130_fd_sc_hd__nand2_1)
     1    0.004834    0.045502    0.050766    2.404905 ^ x18/Y (sky130_fd_sc_hd__nand2_1)
                                                         S_CONVERT_Z (net)
                      0.045503    0.000182    2.405087 ^ x14/A (sky130_fd_sc_hd__nand2_1)
     1    0.005113    0.030404    0.035578    2.440665 v x14/Y (sky130_fd_sc_hd__nand2_1)
                                                         net7 (net)
                      0.030406    0.000185    2.440850 v x15/A (sky130_fd_sc_hd__nand2_1)
     2    0.010580    0.081603    0.073738    2.514588 ^ x15/Y (sky130_fd_sc_hd__nand2_1)
                                                         net6 (net)
                      0.081604    0.000320    2.514908 ^ x16/A (sky130_fd_sc_hd__inv_2)
    18    0.080142    0.125540    0.115176    2.630084 v x16/Y (sky130_fd_sc_hd__inv_2)
                                                         CONVERT (net)
                      0.125740    0.004189    2.634272 v x23/B (sky130_fd_sc_hd__and2b_1)
     2    0.123963    0.396728    0.423093    3.057365 v x23/X (sky130_fd_sc_hd__and2b_1)
                                                         DAC_SETTLE (net)
                      0.396739    0.001822    3.059187 v x34/A3 (sky130_fd_sc_hd__mux4_1)
     1    0.003178    0.064883    0.372351    3.431538 v x34/X (sky130_fd_sc_hd__mux4_1)
                                                         net18 (net)
                      0.064883    0.000099    3.431637 v x42/A1 (sky130_fd_sc_hd__mux4_4)
     1    0.018596    0.097708    0.367795    3.799432 v x42/X (sky130_fd_sc_hd__mux4_4)
                                                         net19 (net)
                      0.097709    0.000519    3.799951 v x63/A (sky130_fd_sc_hd__inv_8)
     1    0.035975    0.054757    0.078617    3.878568 ^ x63/Y (sky130_fd_sc_hd__inv_8)
                                                         net25 (net)
                      0.054797    0.001135    3.879702 ^ x64/A (sky130_fd_sc_hd__inv_16)
     1    0.106058    0.041676    0.039483    3.919185 v x64/Y (sky130_fd_sc_hd__inv_16)
                                                         DEBUG_OUT (net)
                      0.043059    0.005964    3.925149 v DEBUG_OUT (out)
                                              3.925149   data arrival time

                      0.000000   10.000000   10.000000   clock __VIRTUAL_CLK__ (rise edge)
                                  0.000000   10.000000   clock network delay (ideal)
                                 -0.250000    9.750000   clock uncertainty
                                  0.000000    9.750000   clock reconvergence pessimism
                                 -2.000000    7.750000   output external delay
                                              7.750000   data required time
---------------------------------------------------------------------------------------------
                                              7.750000   data required time
                                             -3.925149   data arrival time
---------------------------------------------------------------------------------------------
                                              3.824851   slack (MET)




===========================================================================
report_checks --slack_max -0.01
============================================================================
======================= nom_ff_n40C_1v95 Corner ===================================

No paths found.


===========================================================================
 report_check_types -max_slew -max_cap -max_fanout -violators
============================================================================
======================= nom_ff_n40C_1v95 Corner ===================================

max slew

Pin                                        Limit        Slew       Slack
------------------------------------------------------------------------
DAC_SETTLE                              0.750000    0.831631   -0.081631 (VIOLATED)
x34/A3                                  0.750000    0.831573   -0.081573 (VIOLATED)
x23/X                                   0.750000    0.831568   -0.081568 (VIOLATED)

max fanout

Pin                                   Limit Fanout  Slack
---------------------------------------------------------
x22/Y                                    10     26    -16 (VIOLATED)
x16/Y                                    10     18     -8 (VIOLATED)
COMP_P                                   10     14     -4 (VIOLATED)
x36/X                                    10     12     -2 (VIOLATED)
x62/Y                                    10     12     -2 (VIOLATED)



===========================================================================
report_parasitic_annotation -report_unannotated
============================================================================
Found 0 unannotated drivers.
Found 0 partially unannotated drivers.

===========================================================================
max slew violation count 3
max fanout violation count 5
max cap violation count 0
============================================================================

===========================================================================
check_setup -verbose -unconstrained_endpoints -multiple_clock -no_clock -no_input_delay -loops -generated_clocks
===========================================================================
Warning: There are 25 unclocked register/latch pins.
  x1_0/CLK
  x1_1/CLK
  x1_10/CLK
  x1_11/CLK
  x1_2/CLK
  x1_3/CLK
  x1_4/CLK
  x1_5/CLK
  x1_6/CLK
  x1_7/CLK
  x1_8/CLK
  x1_9/CLK
  x44/CLK
  x5_0/CLK
  x5_1/CLK
  x5_10/CLK
  x5_11/CLK
  x5_2/CLK
  x5_3/CLK
  x5_4/CLK
  x5_5/CLK
  x5_6/CLK
  x5_7/CLK
  x5_8/CLK
  x5_9/CLK
Warning: There are 34 unconstrained endpoints.
  CLK_DATA
  DATA[0]
  DATA[1]
  DATA[2]
  DATA[3]
  DATA[4]
  DATA[5]
  HI
  LO
  x1_0/D
  x1_1/D
  x1_10/D
  x1_11/D
  x1_2/D
  x1_3/D
  x1_4/D
  x1_5/D
  x1_6/D
  x1_7/D
  x1_8/D
  x1_9/D
  x44/D
  x5_0/D
  x5_1/D
  x5_10/D
  x5_11/D
  x5_2/D
  x5_3/D
  x5_4/D
  x5_5/D
  x5_6/D
  x5_7/D
  x5_8/D
  x5_9/D
Warning: There are 7 combinational loops in the design.
  x25/Y
  x24/B
  x24/Y
  x25/A
  | loop cut point
  x25/Y
  --------------------------------
  x14/Y
  x15/A
  x15/Y
  x14/B
  | loop cut point
  x14/Y
  --------------------------------
  x9/Y
  x11/A
  x11/Y
  x18/A
  x18/Y
  x14/A
  x14/Y
  x15/A
  x15/Y
  x16/A
  x16/Y
  x13/A
  x13/X
  x12/A
  x12/Y
  x9/B
  | loop cut point
  x9/Y
  --------------------------------
  x7/X
  x3/A
  x3/Y
  x1/A
  x1/Y
  x10/B
  x10/Y
  x8/A
  x8/Y
  x9/A
  x9/Y
  x11/A
  x11/Y
  x18/A
  x18/Y
  x14/A
  x14/Y
  x15/A
  x15/Y
  x16/A
  x16/Y
  x7/A
  | loop cut point
  x7/X
  --------------------------------
  x1/Y
  x10/B
  x10/Y
  x8/A
  x8/Y
  x9/A
  x9/Y
  x11/A
  x11/Y
  x4/A
  x4/Y
  x2/B
  x2/Y
  x1/B
  | loop cut point
  x1/Y
  --------------------------------
  x8/Y
  x9/A
  x9/Y
  x8/B
  | loop cut point
  x8/Y
  --------------------------------
  x29/X
  x28/A
  x28/Y
  x25/B
  x25/Y
  x26/A
  x26/Y
  x29/B
  | loop cut point
  x29/X
  --------------------------------
