┏━━━━━━━━━━━━━┳━━━━━━━━━━━━━┳━━━━━━━━━━━━━┳━━━━━━━━━━┳━━━━━━━━━━━━━┳━━━━━━━━━━━━━┳━━━━━━━━━━━━━┳━━━━━━━━━━━━━┳━━━━━━━━━━━┳━━━━━━━━━━━━━┳━━━━━━━━━━━━━┳━━━━━━━━━━━━━┳━━━━━━━━━━━━┓
┃             ┃ Hold Worst  ┃ Reg to Reg  ┃          ┃ Hold        ┃ of which    ┃ Setup Worst ┃ Reg to Reg  ┃           ┃ Setup       ┃ of which    ┃ Max Cap     ┃ Max Slew   ┃
┃ Corner/Gro… ┃ Slack       ┃ Paths       ┃ Hold TNS ┃ Violations  ┃ Reg to Reg  ┃ Slack       ┃ Paths       ┃ Setup TNS ┃ Violations  ┃ Reg to Reg  ┃ Violations  ┃ Violations ┃
┡━━━━━━━━━━━━━╇━━━━━━━━━━━━━╇━━━━━━━━━━━━━╇━━━━━━━━━━╇━━━━━━━━━━━━━╇━━━━━━━━━━━━━╇━━━━━━━━━━━━━╇━━━━━━━━━━━━━╇━━━━━━━━━━━╇━━━━━━━━━━━━━╇━━━━━━━━━━━━━╇━━━━━━━━━━━━━╇━━━━━━━━━━━━┩
│ Overall     │ 3.9176      │ N/A         │ 0.0000   │ 0           │ 0           │ -0.6686     │ N/A         │ -0.6686   │ 3           │ 0           │ 1           │ 16         │
│ nom_tt_025… │ 3.9970      │ N/A         │ 0.0000   │ 0           │ 0           │ 2.6627      │ N/A         │ 0.0000    │ 0           │ 0           │ 0           │ 3          │
│ nom_ss_100… │ 4.1928      │ N/A         │ 0.0000   │ 0           │ 0           │ -0.6106     │ N/A         │ -0.6106   │ 1           │ 0           │ 1           │ 16         │
│ nom_ff_n40… │ 3.9208      │ N/A         │ 0.0000   │ 0           │ 0           │ 3.8249      │ N/A         │ 0.0000    │ 0           │ 0           │ 0           │ 3          │
│ min_tt_025… │ 3.9924      │ N/A         │ 0.0000   │ 0           │ 0           │ 2.7005      │ N/A         │ 0.0000    │ 0           │ 0           │ 0           │ 3          │
│ min_ss_100… │ 4.1847      │ N/A         │ 0.0000   │ 0           │ 0           │ -0.5423     │ N/A         │ -0.5423   │ 1           │ 0           │ 1           │ 16         │
│ min_ff_n40… │ 3.9176      │ N/A         │ 0.0000   │ 0           │ 0           │ 3.8513      │ N/A         │ 0.0000    │ 0           │ 0           │ 0           │ 3          │
│ max_tt_025… │ 4.0017      │ N/A         │ 0.0000   │ 0           │ 0           │ 2.6302      │ N/A         │ 0.0000    │ 0           │ 0           │ 0           │ 3          │
│ max_ss_100… │ 4.2010      │ N/A         │ 0.0000   │ 0           │ 0           │ -0.6686     │ N/A         │ -0.6686   │ 1           │ 0           │ 1           │ 16         │
│ max_ff_n40… │ 3.9243      │ N/A         │ 0.0000   │ 0           │ 0           │ 3.8016      │ N/A         │ 0.0000    │ 0           │ 0           │ 0           │ 3          │
└─────────────┴─────────────┴─────────────┴──────────┴─────────────┴─────────────┴─────────────┴─────────────┴───────────┴─────────────┴─────────────┴─────────────┴────────────┘
