
===========================================================================
 report_power
============================================================================
======================= min_ss_100C_1v60 Corner ===================================

Group                    Internal    Switching      Leakage        Total
                            Power        Power        Power        Power (Watts)
------------------------------------------------------------------------
Sequential           1.248351e-05 2.476284e-05 5.432610e-07 3.778961e-05  25.2%
Combinational        3.696036e-05 7.377130e-05 1.673695e-06 1.124054e-04  74.8%
Clock                -5.199876e-12 0.000000e+00 1.937414e-10 1.885415e-10   0.0%
Macro                0.000000e+00 0.000000e+00 0.000000e+00 0.000000e+00   0.0%
Pad                  0.000000e+00 0.000000e+00 0.000000e+00 0.000000e+00   0.0%
------------------------------------------------------------------------
Total                4.944385e-05 9.853415e-05 2.217151e-06 1.501951e-04 100.0%
                            32.9%        65.6%         1.5%

