
===========================================================================
report_checks -unconstrained
===========================================================================
======================= max_ss_100C_1v60 Corner ===================================

Startpoint: RST_Z (input port clocked by __VIRTUAL_CLK__)
Endpoint: DEBUG_OUT (output port clocked by __VIRTUAL_CLK__)
Path Group: __VIRTUAL_CLK__
Path Type: max

Fanout         Cap        Slew       Delay        Time   Description
---------------------------------------------------------------------------------------------
                      0.000000    0.000000    0.000000   clock __VIRTUAL_CLK__ (rise edge)
                                  0.000000    0.000000   clock network delay (ideal)
                                  2.000000    2.000000 ^ input external delay
     1    0.010680    0.085794    0.055922    2.055922 ^ RST_Z (in)
                                                         RST_Z (net)
                      0.085799    0.000000    2.055922 ^ x5/A (sky130_fd_sc_hd__inv_4)
     5    0.022961    0.058710    0.089064    2.144986 v x5/Y (sky130_fd_sc_hd__inv_4)
                                                         RSTi (net)
                      0.058793    0.001815    2.146801 v x3/B (sky130_fd_sc_hd__nor2_1)
     1    0.002669    0.124891    0.134013    2.280814 ^ x3/Y (sky130_fd_sc_hd__nor2_1)
                                                         S_IDLE_Z (net)
                      0.124891    0.000193    2.281007 ^ x1/A (sky130_fd_sc_hd__nand2_1)
     5    0.013085    0.226972    0.241162    2.522169 v x1/Y (sky130_fd_sc_hd__nand2_1)
                                                         IDLE (net)
                      0.226974    0.000548    2.522718 v x10/B (sky130_fd_sc_hd__nand2_1)
     1    0.002593    0.086801    0.168627    2.691345 ^ x10/Y (sky130_fd_sc_hd__nand2_1)
                                                         S_SAMPLE_Z (net)
                      0.086801    0.000120    2.691465 ^ x8/A (sky130_fd_sc_hd__nand2_1)
     1    0.002480    0.064480    0.097933    2.789398 v x8/Y (sky130_fd_sc_hd__nand2_1)
                                                         net4 (net)
                      0.064480    0.000115    2.789513 v x9/A (sky130_fd_sc_hd__nand2_1)
     2    0.008349    0.136018    0.142497    2.932010 ^ x9/Y (sky130_fd_sc_hd__nand2_1)
                                                         net3 (net)
                      0.136021    0.000503    2.932513 ^ x11/A (sky130_fd_sc_hd__inv_2)
     7    0.021991    0.101611    0.144749    3.077262 v x11/Y (sky130_fd_sc_hd__inv_2)
                                                         SAMPLE (net)
                      0.101625    0.000997    3.078259 v x18/A (sky130_fd_sc_hd__nand2_1)
     1    0.004952    0.099953    0.125489    3.203747 ^ x18/Y (sky130_fd_sc_hd__nand2_1)
                                                         S_CONVERT_Z (net)
                      0.099956    0.000403    3.204150 ^ x14/A (sky130_fd_sc_hd__nand2_1)
     1    0.005373    0.108843    0.138409    3.342559 v x14/Y (sky130_fd_sc_hd__nand2_1)
                                                         net7 (net)
                      0.108845    0.000397    3.342956 v x15/A (sky130_fd_sc_hd__nand2_1)
     2    0.010904    0.177843    0.188696    3.531652 ^ x15/Y (sky130_fd_sc_hd__nand2_1)
                                                         net6 (net)
                      0.177847    0.000713    3.532365 ^ x16/A (sky130_fd_sc_hd__inv_2)
    18    0.077690    0.329661    0.327708    3.860073 v x16/Y (sky130_fd_sc_hd__inv_2)
                                                         CONVERT (net)
                      0.329975    0.008534    3.868607 v x23/B (sky130_fd_sc_hd__and2b_1)
     2    0.124168    1.093274    1.233791    5.102398 v x23/X (sky130_fd_sc_hd__and2b_1)
                                                         DAC_SETTLE (net)
                      1.093304    0.004897    5.107295 v x34/A3 (sky130_fd_sc_hd__mux4_1)
     1    0.003353    0.158585    1.506312    6.613607 v x34/X (sky130_fd_sc_hd__mux4_1)
                                                         net18 (net)
                      0.158585    0.000199    6.613807 v x42/A1 (sky130_fd_sc_hd__mux4_4)
     1    0.018705    0.267376    1.473239    8.087046 v x42/X (sky130_fd_sc_hd__mux4_4)
                                                         net19 (net)
                      0.267382    0.001019    8.088064 v x63/A (sky130_fd_sc_hd__inv_8)
     1    0.035623    0.115886    0.207669    8.295734 ^ x63/Y (sky130_fd_sc_hd__inv_8)
                                                         net25 (net)
                      0.116009    0.002852    8.298586 ^ x64/A (sky130_fd_sc_hd__inv_16)
     1    0.106217    0.083182    0.108781    8.407367 v x64/Y (sky130_fd_sc_hd__inv_16)
                                                         DEBUG_OUT (net)
                      0.085639    0.011207    8.418573 v DEBUG_OUT (out)
                                              8.418573   data arrival time

                      0.000000   10.000000   10.000000   clock __VIRTUAL_CLK__ (rise edge)
                                  0.000000   10.000000   clock network delay (ideal)
                                 -0.250000    9.750000   clock uncertainty
                                  0.000000    9.750000   clock reconvergence pessimism
                                 -2.000000    7.750000   output external delay
                                              7.750000   data required time
---------------------------------------------------------------------------------------------
                                              7.750000   data required time
                                             -8.418573   data arrival time
---------------------------------------------------------------------------------------------
                                             -0.668574   slack (VIOLATED)




===========================================================================
report_checks --slack_max -0.01
============================================================================
======================= max_ss_100C_1v60 Corner ===================================

Startpoint: RST_Z (input port clocked by __VIRTUAL_CLK__)
Endpoint: DEBUG_OUT (output port clocked by __VIRTUAL_CLK__)
Path Group: __VIRTUAL_CLK__
Path Type: max

Fanout         Cap        Slew       Delay        Time   Description
---------------------------------------------------------------------------------------------
                      0.000000    0.000000    0.000000   clock __VIRTUAL_CLK__ (rise edge)
                                  0.000000    0.000000   clock network delay (ideal)
                                  2.000000    2.000000 ^ input external delay
     1    0.010680    0.085794    0.055922    2.055922 ^ RST_Z (in)
                                                         RST_Z (net)
                      0.085799    0.000000    2.055922 ^ x5/A (sky130_fd_sc_hd__inv_4)
     5    0.022961    0.058710    0.089064    2.144986 v x5/Y (sky130_fd_sc_hd__inv_4)
                                                         RSTi (net)
                      0.058793    0.001815    2.146801 v x3/B (sky130_fd_sc_hd__nor2_1)
     1    0.002669    0.124891    0.134013    2.280814 ^ x3/Y (sky130_fd_sc_hd__nor2_1)
                                                         S_IDLE_Z (net)
                      0.124891    0.000193    2.281007 ^ x1/A (sky130_fd_sc_hd__nand2_1)
     5    0.013085    0.226972    0.241162    2.522169 v x1/Y (sky130_fd_sc_hd__nand2_1)
                                                         IDLE (net)
                      0.226974    0.000548    2.522718 v x10/B (sky130_fd_sc_hd__nand2_1)
     1    0.002593    0.086801    0.168627    2.691345 ^ x10/Y (sky130_fd_sc_hd__nand2_1)
                                                         S_SAMPLE_Z (net)
                      0.086801    0.000120    2.691465 ^ x8/A (sky130_fd_sc_hd__nand2_1)
     1    0.002480    0.064480    0.097933    2.789398 v x8/Y (sky130_fd_sc_hd__nand2_1)
                                                         net4 (net)
                      0.064480    0.000115    2.789513 v x9/A (sky130_fd_sc_hd__nand2_1)
     2    0.008349    0.136018    0.142497    2.932010 ^ x9/Y (sky130_fd_sc_hd__nand2_1)
                                                         net3 (net)
                      0.136021    0.000503    2.932513 ^ x11/A (sky130_fd_sc_hd__inv_2)
     7    0.021991    0.101611    0.144749    3.077262 v x11/Y (sky130_fd_sc_hd__inv_2)
                                                         SAMPLE (net)
                      0.101625    0.000997    3.078259 v x18/A (sky130_fd_sc_hd__nand2_1)
     1    0.004952    0.099953    0.125489    3.203747 ^ x18/Y (sky130_fd_sc_hd__nand2_1)
                                                         S_CONVERT_Z (net)
                      0.099956    0.000403    3.204150 ^ x14/A (sky130_fd_sc_hd__nand2_1)
     1    0.005373    0.108843    0.138409    3.342559 v x14/Y (sky130_fd_sc_hd__nand2_1)
                                                         net7 (net)
                      0.108845    0.000397    3.342956 v x15/A (sky130_fd_sc_hd__nand2_1)
     2    0.010904    0.177843    0.188696    3.531652 ^ x15/Y (sky130_fd_sc_hd__nand2_1)
                                                         net6 (net)
                      0.177847    0.000713    3.532365 ^ x16/A (sky130_fd_sc_hd__inv_2)
    18    0.077690    0.329661    0.327708    3.860073 v x16/Y (sky130_fd_sc_hd__inv_2)
                                                         CONVERT (net)
                      0.329975    0.008534    3.868607 v x23/B (sky130_fd_sc_hd__and2b_1)
     2    0.124168    1.093274    1.233791    5.102398 v x23/X (sky130_fd_sc_hd__and2b_1)
                                                         DAC_SETTLE (net)
                      1.093304    0.004897    5.107295 v x34/A3 (sky130_fd_sc_hd__mux4_1)
     1    0.003353    0.158585    1.506312    6.613607 v x34/X (sky130_fd_sc_hd__mux4_1)
                                                         net18 (net)
                      0.158585    0.000199    6.613807 v x42/A1 (sky130_fd_sc_hd__mux4_4)
     1    0.018705    0.267376    1.473239    8.087046 v x42/X (sky130_fd_sc_hd__mux4_4)
                                                         net19 (net)
                      0.267382    0.001019    8.088064 v x63/A (sky130_fd_sc_hd__inv_8)
     1    0.035623    0.115886    0.207669    8.295734 ^ x63/Y (sky130_fd_sc_hd__inv_8)
                                                         net25 (net)
                      0.116009    0.002852    8.298586 ^ x64/A (sky130_fd_sc_hd__inv_16)
     1    0.106217    0.083182    0.108781    8.407367 v x64/Y (sky130_fd_sc_hd__inv_16)
                                                         DEBUG_OUT (net)
                      0.085639    0.011207    8.418573 v DEBUG_OUT (out)
                                              8.418573   data arrival time

                      0.000000   10.000000   10.000000   clock __VIRTUAL_CLK__ (rise edge)
                                  0.000000   10.000000   clock network delay (ideal)
                                 -0.250000    9.750000   clock uncertainty
                                  0.000000    9.750000   clock reconvergence pessimism
                                 -2.000000    7.750000   output external delay
                                              7.750000   data required time
---------------------------------------------------------------------------------------------
                                              7.750000   data required time
                                             -8.418573   data arrival time
---------------------------------------------------------------------------------------------
                                             -0.668574   slack (VIOLATED)




===========================================================================
 report_check_types -max_slew -max_cap -max_fanout -violators
============================================================================
======================= max_ss_100C_1v60 Corner ===================================

max slew

Pin                                        Limit        Slew       Slack
------------------------------------------------------------------------
DAC_SETTLE                              0.750000    1.727524   -0.977524 (VIOLATED)
x34/A3                                  0.750000    1.727436   -0.977436 (VIOLATED)
x23/X                                   0.750000    1.727417   -0.977417 (VIOLATED)
x5_1/RESET_B                            0.750000    1.038517   -0.288517 (VIOLATED)
x5_2/RESET_B                            0.750000    1.038517   -0.288517 (VIOLATED)
x5_3/RESET_B                            0.750000    1.038512   -0.288512 (VIOLATED)
x5_4/RESET_B                            0.750000    1.038501   -0.288501 (VIOLATED)
x5_0/RESET_B                            0.750000    1.038490   -0.288490 (VIOLATED)
x5_7/RESET_B                            0.750000    1.038486   -0.288486 (VIOLATED)
x5_6/RESET_B                            0.750000    1.038486   -0.288486 (VIOLATED)
x5_8/RESET_B                            0.750000    1.038463   -0.288463 (VIOLATED)
x5_5/RESET_B                            0.750000    1.038444   -0.288444 (VIOLATED)
x5_9/RESET_B                            0.750000    1.038432   -0.288432 (VIOLATED)
x5_10/RESET_B                           0.750000    1.038424   -0.288424 (VIOLATED)
x5_11/RESET_B                           0.750000    1.038424   -0.288424 (VIOLATED)
x62/Y                                   0.750000    1.038417   -0.288417 (VIOLATED)

max fanout

Pin                                   Limit Fanout  Slack
---------------------------------------------------------
x22/Y                                    10     26    -16 (VIOLATED)
x16/Y                                    10     18     -8 (VIOLATED)
COMP_P                                   10     14     -4 (VIOLATED)
x36/X                                    10     12     -2 (VIOLATED)
x62/Y                                    10     12     -2 (VIOLATED)

max capacitance

Pin                                        Limit         Cap       Slack
------------------------------------------------------------------------
x23/X                                   0.107127    0.124230   -0.017103 (VIOLATED)



===========================================================================
report_parasitic_annotation -report_unannotated
============================================================================
Found 0 unannotated drivers.
Found 0 partially unannotated drivers.

===========================================================================
max slew violation count 16
max fanout violation count 5
max cap violation count 1
============================================================================

===========================================================================
check_setup -verbose -unconstrained_endpoints -multiple_clock -no_clock -no_input_delay -loops -generated_clocks
===========================================================================
Warning: There are 25 unclocked register/latch pins.
  x1_0/CLK
  x1_1/CLK
  x1_10/CLK
  x1_11/CLK
  x1_2/CLK
  x1_3/CLK
  x1_4/CLK
  x1_5/CLK
  x1_6/CLK
  x1_7/CLK
  x1_8/CLK
  x1_9/CLK
  x44/CLK
  x5_0/CLK
  x5_1/CLK
  x5_10/CLK
  x5_11/CLK
  x5_2/CLK
  x5_3/CLK
  x5_4/CLK
  x5_5/CLK
  x5_6/CLK
  x5_7/CLK
  x5_8/CLK
  x5_9/CLK
Warning: There are 34 unconstrained endpoints.
  CLK_DATA
  DATA[0]
  DATA[1]
  DATA[2]
  DATA[3]
  DATA[4]
  DATA[5]
  HI
  LO
  x1_0/D
  x1_1/D
  x1_10/D
  x1_11/D
  x1_2/D
  x1_3/D
  x1_4/D
  x1_5/D
  x1_6/D
  x1_7/D
  x1_8/D
  x1_9/D
  x44/D
  x5_0/D
  x5_1/D
  x5_10/D
  x5_11/D
  x5_2/D
  x5_3/D
  x5_4/D
  x5_5/D
  x5_6/D
  x5_7/D
  x5_8/D
  x5_9/D
Warning: There are 7 combinational loops in the design.
  x25/Y
  x24/B
  x24/Y
  x25/A
  | loop cut point
  x25/Y
  --------------------------------
  x14/Y
  x15/A
  x15/Y
  x14/B
  | loop cut point
  x14/Y
  --------------------------------
  x9/Y
  x11/A
  x11/Y
  x18/A
  x18/Y
  x14/A
  x14/Y
  x15/A
  x15/Y
  x16/A
  x16/Y
  x13/A
  x13/X
  x12/A
  x12/Y
  x9/B
  | loop cut point
  x9/Y
  --------------------------------
  x7/X
  x3/A
  x3/Y
  x1/A
  x1/Y
  x10/B
  x10/Y
  x8/A
  x8/Y
  x9/A
  x9/Y
  x11/A
  x11/Y
  x18/A
  x18/Y
  x14/A
  x14/Y
  x15/A
  x15/Y
  x16/A
  x16/Y
  x7/A
  | loop cut point
  x7/X
  --------------------------------
  x1/Y
  x10/B
  x10/Y
  x8/A
  x8/Y
  x9/A
  x9/Y
  x11/A
  x11/Y
  x4/A
  x4/Y
  x2/B
  x2/Y
  x1/B
  | loop cut point
  x1/Y
  --------------------------------
  x8/Y
  x9/A
  x9/Y
  x8/B
  | loop cut point
  x8/Y
  --------------------------------
  x29/X
  x28/A
  x28/Y
  x25/B
  x25/Y
  x26/A
  x26/Y
  x29/B
  | loop cut point
  x29/X
  --------------------------------
