
===========================================================================
report_checks -unconstrained
===========================================================================
======================= max_ff_n40C_1v95 Corner ===================================

Startpoint: vin_p_sw_on (input port clocked by __VIRTUAL_CLK__)
Endpoint: vss_n_o[5] (output port clocked by __VIRTUAL_CLK__)
Path Group: __VIRTUAL_CLK__
Path Type: max

Fanout         Cap        Slew       Delay        Time   Description
---------------------------------------------------------------------------------------------
                      0.000000    0.000000    0.000000   clock __VIRTUAL_CLK__ (rise edge)
                                  0.000000    0.000000   clock network delay (ideal)
                                  2.000000    2.000000 v input external delay
     1    0.004991    0.008176    0.004309    2.004309 v vin_p_sw_on (in)
                                                         vin_p_sw_on (net)
                      0.008182    0.000000    2.004309 v input25/A (sky130_fd_sc_hd__buf_1)
     1    0.027610    0.110094    0.119613    2.123922 v input25/X (sky130_fd_sc_hd__buf_1)
                                                         net25 (net)
                      0.110165    0.002347    2.126269 v _210_/B (sky130_fd_sc_hd__nor3_1)
     2    0.009453    0.219025    0.224498    2.350767 ^ _210_/Y (sky130_fd_sc_hd__nor3_1)
                                                         net39 (net)
                      0.219030    0.000850    2.351618 ^ fanout98/A (sky130_fd_sc_hd__clkbuf_4)
    10    0.062782    0.146148    0.208628    2.560246 ^ fanout98/X (sky130_fd_sc_hd__clkbuf_4)
                                                         net98 (net)
                      0.146704    0.007295    2.567540 ^ _211_/B (sky130_fd_sc_hd__and2_1)
     2    0.016927    0.129715    0.160583    2.728123 ^ _211_/X (sky130_fd_sc_hd__and2_1)
                                                         _058_ (net)
                      0.129729    0.001126    2.729249 ^ fanout96/A (sky130_fd_sc_hd__clkbuf_2)
     7    0.029338    0.125608    0.154298    2.883547 ^ fanout96/X (sky130_fd_sc_hd__clkbuf_2)
                                                         net96 (net)
                      0.125616    0.000853    2.884401 ^ _226_/A2 (sky130_fd_sc_hd__a21oi_1)
     2    0.007630    0.056215    0.071019    2.955419 v _226_/Y (sky130_fd_sc_hd__a21oi_1)
                                                         _068_ (net)
                      0.056217    0.000244    2.955664 v _227_/A2 (sky130_fd_sc_hd__o21ai_1)
     1    0.018537    0.263221    0.226235    3.181899 ^ _227_/Y (sky130_fd_sc_hd__o21ai_1)
                                                         net79 (net)
                      0.263251    0.002281    3.184180 ^ output79/A (sky130_fd_sc_hd__buf_2)
     1    0.037491    0.139699    0.181155    3.365335 ^ output79/X (sky130_fd_sc_hd__buf_2)
                                                         vss_n_o[5] (net)
                      0.139760    0.002410    3.367745 ^ vss_n_o[5] (out)
                                              3.367745   data arrival time

                      0.000000   10.000000   10.000000   clock __VIRTUAL_CLK__ (rise edge)
                                  0.000000   10.000000   clock network delay (ideal)
                                 -0.250000    9.750000   clock uncertainty
                                  0.000000    9.750000   clock reconvergence pessimism
                                 -2.000000    7.750000   output external delay
                                              7.750000   data required time
---------------------------------------------------------------------------------------------
                                              7.750000   data required time
                                             -3.367745   data arrival time
---------------------------------------------------------------------------------------------
                                              4.382255   slack (MET)




===========================================================================
report_checks --slack_max -0.01
============================================================================
======================= max_ff_n40C_1v95 Corner ===================================

No paths found.


===========================================================================
 report_check_types -max_slew -max_cap -max_fanout -violators
============================================================================
======================= max_ff_n40C_1v95 Corner ===================================

max fanout

Pin                                   Limit Fanout  Slack
---------------------------------------------------------
_302_/Y                                  10     11        (VIOLATED)



===========================================================================
report_parasitic_annotation -report_unannotated
============================================================================
Found 0 unannotated drivers.
Found 0 partially unannotated drivers.

===========================================================================
max slew violation count 0
max fanout violation count 1
max cap violation count 0
============================================================================

===========================================================================
check_setup -verbose -unconstrained_endpoints -multiple_clock -no_clock -no_input_delay -loops -generated_clocks
===========================================================================
Warning: There are 28 unclocked register/latch pins.
  _413_/CLK
  _414_/CLK
  _415_/CLK
  _416_/CLK
  _417_/CLK
  _418_/CLK
  _419_/CLK
  _420_/CLK
  _421_/CLK
  _422_/CLK
  _423_/CLK
  _424_/CLK
  _425_/CLK
  _426_/CLK
  _427_/CLK
  _428_/CLK
  _429_/CLK
  _430_/CLK
  _431_/CLK
  _432_/CLK
  _433_/CLK
  _434_/CLK
  _435_/CLK
  _436_/CLK
  _437_/CLK
  _438_/CLK
  _439_/CLK
  _440_/CLK
Warning: There are 36 unconstrained endpoints.
  clk_data
  data[0]
  data[1]
  data[2]
  data[3]
  data[4]
  data[5]
  en_vcm_sw_o
  _413_/D
  _414_/D
  _415_/D
  _416_/D
  _417_/D
  _418_/D
  _419_/D
  _420_/D
  _421_/D
  _422_/D
  _423_/D
  _424_/D
  _425_/D
  _426_/D
  _427_/D
  _428_/D
  _429_/D
  _430_/D
  _431_/D
  _432_/D
  _433_/D
  _434_/D
  _435_/D
  _436_/D
  _437_/D
  _438_/D
  _439_/D
  _440_/D
