
===========================================================================
 report_power
============================================================================
======================= max_ff_n40C_1v95 Corner ===================================

Group                    Internal    Switching      Leakage        Total
                            Power        Power        Power        Power (Watts)
------------------------------------------------------------------------
Sequential           1.731213e-05 4.072357e-05 7.176311e-10 5.803642e-05  25.8%
Combinational        4.971605e-05 1.171743e-04 2.205319e-09 1.668925e-04  74.2%
Clock                -1.349186e-11 0.000000e+00 2.243818e-10 2.108899e-10   0.0%
Macro                0.000000e+00 0.000000e+00 0.000000e+00 0.000000e+00   0.0%
Pad                  0.000000e+00 0.000000e+00 0.000000e+00 0.000000e+00   0.0%
------------------------------------------------------------------------
Total                6.702820e-05 1.578978e-04 3.147330e-09 2.249292e-04 100.0%
                            29.8%        70.2%         0.0%

