
===========================================================================
 report_power
============================================================================
======================= max_ff_n40C_1v95 Corner ===================================

Group                    Internal    Switching      Leakage        Total
                            Power        Power        Power        Power (Watts)
------------------------------------------------------------------------
Sequential           -6.532522e-08 0.000000e+00 4.192679e-10 -6.490595e-08  -0.4%
Combinational        4.672022e-06 1.080965e-05 2.569894e-09 1.548425e-05 100.4%
Clock                1.325956e-10 0.000000e+00 3.688487e-10 5.014443e-10   0.0%
Macro                0.000000e+00 0.000000e+00 0.000000e+00 0.000000e+00   0.0%
Pad                  0.000000e+00 0.000000e+00 0.000000e+00 0.000000e+00   0.0%
------------------------------------------------------------------------
Total                4.606829e-06 1.080965e-05 3.358009e-09 1.541984e-05 100.0%
                            29.9%        70.1%         0.0%

