
===========================================================================
 report_power
============================================================================
======================= nom_tt_025C_1v80 Corner ===================================

Group                    Internal    Switching      Leakage        Total
                            Power        Power        Power        Power (Watts)
------------------------------------------------------------------------
Sequential           -5.605006e-08 0.000000e+00 3.454330e-10 -5.570463e-08  -0.4%
Combinational        4.096702e-06 8.734180e-06 1.188014e-09 1.283207e-05 100.4%
Clock                -5.845322e-12 0.000000e+00 6.480708e-11 5.896176e-11   0.0%
Macro                0.000000e+00 0.000000e+00 0.000000e+00 0.000000e+00   0.0%
Pad                  0.000000e+00 0.000000e+00 0.000000e+00 0.000000e+00   0.0%
------------------------------------------------------------------------
Total                4.040645e-06 8.734180e-06 1.598255e-09 1.277642e-05 100.0%
                            31.6%        68.4%         0.0%
Writing metric power__internal__total: 4.040645308123203e-6
Writing metric power__switching__total: 8.734179573366418e-6
Writing metric power__leakage__total: 1.598254639745278e-9
Writing metric power__total: 1.2776422408933286e-5

