┏━━━━━━━━━━━━┳━━━━━━━━━━━━┳━━━━━━━━━━━━┳━━━━━━━━━━┳━━━━━━━━━━━━┳━━━━━━━━━━━━┳━━━━━━━━━━━┳━━━━━━━━━━━━┳━━━━━━━━━━━┳━━━━━━━━━━━┳━━━━━━━━━━━━┳━━━━━━━━━━━┳━━━━━━━━━━━━┓
┃            ┃            ┃            ┃          ┃            ┃            ┃ Setup     ┃            ┃           ┃           ┃            ┃           ┃            ┃
┃            ┃ Hold Worst ┃ Reg to Reg ┃          ┃ Hold       ┃ of which   ┃ Worst     ┃ Reg to Reg ┃           ┃ Setup     ┃ of which   ┃ Max Cap   ┃ Max Slew   ┃
┃ Corner/Gr… ┃ Slack      ┃ Paths      ┃ Hold TNS ┃ Violations ┃ Reg to Reg ┃ Slack     ┃ Paths      ┃ Setup TNS ┃ Violatio… ┃ Reg to Reg ┃ Violatio… ┃ Violations ┃
┡━━━━━━━━━━━━╇━━━━━━━━━━━━╇━━━━━━━━━━━━╇━━━━━━━━━━╇━━━━━━━━━━━━╇━━━━━━━━━━━━╇━━━━━━━━━━━╇━━━━━━━━━━━━╇━━━━━━━━━━━╇━━━━━━━━━━━╇━━━━━━━━━━━━╇━━━━━━━━━━━╇━━━━━━━━━━━━┩
│ Overall    │ 3.9818     │ N/A        │ 0.0000   │ 0          │ 0          │ 1.6139    │ N/A        │ 0.0000    │ 0         │ 0          │ 0         │ 8          │
│ nom_tt_02… │ 4.1044     │ N/A        │ 0.0000   │ 0          │ 0          │ 3.6396    │ N/A        │ 0.0000    │ 0         │ 0          │ 0         │ 0          │
│ nom_ss_10… │ 4.4237     │ N/A        │ 0.0000   │ 0          │ 0          │ 1.7119    │ N/A        │ 0.0000    │ 0         │ 0          │ 0         │ 6          │
│ nom_ff_n4… │ 3.9857     │ N/A        │ 0.0000   │ 0          │ 0          │ 4.4275    │ N/A        │ 0.0000    │ 0         │ 0          │ 0         │ 0          │
│ min_tt_02… │ 4.0988     │ N/A        │ 0.0000   │ 0          │ 0          │ 3.7425    │ N/A        │ 0.0000    │ 0         │ 0          │ 0         │ 0          │
│ min_ss_10… │ 4.4130     │ N/A        │ 0.0000   │ 0          │ 0          │ 1.8527    │ N/A        │ 0.0000    │ 0         │ 0          │ 0         │ 2          │
│ min_ff_n4… │ 3.9818     │ N/A        │ 0.0000   │ 0          │ 0          │ 4.4842    │ N/A        │ 0.0000    │ 0         │ 0          │ 0         │ 0          │
│ max_tt_02… │ 4.1107     │ N/A        │ 0.0000   │ 0          │ 0          │ 3.5806    │ N/A        │ 0.0000    │ 0         │ 0          │ 0         │ 0          │
│ max_ss_10… │ 4.4347     │ N/A        │ 0.0000   │ 0          │ 0          │ 1.6139    │ N/A        │ 0.0000    │ 0         │ 0          │ 0         │ 8          │
│ max_ff_n4… │ 3.9900     │ N/A        │ 0.0000   │ 0          │ 0          │ 4.3823    │ N/A        │ 0.0000    │ 0         │ 0          │ 0         │ 0          │
└────────────┴────────────┴────────────┴──────────┴────────────┴────────────┴───────────┴────────────┴───────────┴───────────┴────────────┴───────────┴────────────┘
