Net: net78
  Pin: output78/A (sky130_fd_sc_hd__buf_2)
    Layer: met4
      Partial area ratio:   21.09
      Required ratio:    0.00 (Gate area) 
      Partial area ratio:  115.52
      Required ratio: 2778.80 (Side area) 
      Cumulative area ratio:  168.56
      Required ratio:    0.00 (Cumulative area) 
      Cumulative area ratio:  903.73
      Required ratio:    0.00 (Cumulative side area) 

    Layer: met3
      Partial area ratio:  139.87
      Required ratio:    0.00 (Gate area) 
      Partial area ratio:  748.98
      Required ratio:  400.00 (Side area) (VIOLATED)
      Cumulative area ratio:  147.47
      Required ratio:    0.00 (Cumulative area) 
      Cumulative area ratio:  788.21
      Required ratio:    0.00 (Cumulative side area) 

    Layer: met2
      Partial area ratio:    6.26
      Required ratio:    0.00 (Gate area) 
      Partial area ratio:   31.92
      Required ratio:  400.00 (Side area) 
      Cumulative area ratio:    7.60
      Required ratio:    0.00 (Cumulative area) 
      Cumulative area ratio:   39.23
      Required ratio:    0.00 (Cumulative side area) 

    Layer: met1
      Partial area ratio:    1.34
      Required ratio:    0.00 (Gate area) 
      Partial area ratio:    7.31
      Required ratio:  400.00 (Side area) 
      Cumulative area ratio:    1.34
      Required ratio:    0.00 (Cumulative area) 
      Cumulative area ratio:    7.31
      Required ratio:    0.00 (Cumulative side area) 

    Layer: li1
      Partial area ratio:    0.00
      Required ratio:    0.00 (Gate area) 
      Partial area ratio:    0.00
      Required ratio:   75.00 (Side area) 
      Cumulative area ratio:    0.00
      Required ratio:    0.00 (Cumulative area) 
      Cumulative area ratio:    0.00
      Required ratio:    0.00 (Cumulative side area) 

    Via: M3M4_PR
      Partial area ratio:    0.25
      Required ratio:    6.00 (Gate area) 
      Cumulative area ratio:    0.83
      Required ratio:    0.00 (Cumulative area) 

    Via: M2M3_PR
      Partial area ratio:    0.25
      Required ratio:    6.00 (Gate area) 
      Cumulative area ratio:    0.57
      Required ratio:    0.00 (Cumulative area) 

    Via: M1M2_PR
      Partial area ratio:    0.14
      Required ratio:    6.00 (Gate area) 
      Cumulative area ratio:    0.32
      Required ratio:    0.00 (Cumulative area) 

    Via: L1M1_PR_MR
      Partial area ratio:    0.18
      Required ratio:    3.00 (Gate area) 
      Cumulative area ratio:    0.18
      Required ratio:    0.00 (Cumulative area) 


[INFO ANT-0002] Found 1 net violations.
[INFO ANT-0001] Found 1 pin violations.
