[INFO GRT-0043] No OR_DEFAULT vias defined.
Net: net54
  Pin: _254_/B1 (sky130_fd_sc_hd__o21ai_1)
    Layer: met2
      Partial area ratio:    8.01
      Required ratio:    0.00 (Gate area) 
      Partial area ratio:   41.97
      Required ratio: 2775.60 (Side area) 
      Cumulative area ratio:   10.34
      Required ratio:    0.00 (Cumulative area) 
      Cumulative area ratio:   54.12
      Required ratio:    0.00 (Cumulative side area) 

    Layer: met1
      Partial area ratio:    2.33
      Required ratio:    0.00 (Gate area) 
      Partial area ratio:   12.16
      Required ratio:  400.00 (Side area) 
      Cumulative area ratio:    2.33
      Required ratio:    0.00 (Cumulative area) 
      Cumulative area ratio:   12.16
      Required ratio:    0.00 (Cumulative side area) 

    Layer: li1
      Partial area ratio:    0.00
      Required ratio:    0.00 (Gate area) 
      Partial area ratio:    0.00
      Required ratio:   75.00 (Side area) 
      Cumulative area ratio:    0.00
      Required ratio:    0.00 (Cumulative area) 
      Cumulative area ratio:    0.00
      Required ratio:    0.00 (Cumulative side area) 

    Via: M1M2_PR
      Partial area ratio:    0.11
      Required ratio:    6.00 (Gate area) 
      Cumulative area ratio:    0.25
      Required ratio:    0.00 (Cumulative area) 

    Via: L1M1_PR
      Partial area ratio:    0.14
      Required ratio:    3.00 (Gate area) 
      Cumulative area ratio:    0.14
      Required ratio:    0.00 (Cumulative area) 

  Pin: output54/A (sky130_fd_sc_hd__buf_2)
    Layer: li1
      Partial area ratio:    0.00
      Required ratio:    0.00 (Gate area) 
      Partial area ratio:    0.00
      Required ratio:   75.00 (Side area) 
      Cumulative area ratio:    0.00
      Required ratio:    0.00 (Cumulative area) 
      Cumulative area ratio:    0.00
      Required ratio:    0.00 (Cumulative side area) 

    Layer: met1
      Partial area ratio:    0.15
      Required ratio:    0.00 (Gate area) 
      Partial area ratio:    1.37
      Required ratio:  400.00 (Side area) 
      Cumulative area ratio:    0.15
      Required ratio:    0.00 (Cumulative area) 
      Cumulative area ratio:    1.37
      Required ratio:    0.00 (Cumulative side area) 

    Layer: met2
      Partial area ratio:    8.68
      Required ratio:    0.00 (Gate area) 
      Partial area ratio:   44.64
      Required ratio:  400.00 (Side area) 
      Cumulative area ratio:    8.83
      Required ratio:    0.00 (Cumulative area) 
      Cumulative area ratio:   46.02
      Required ratio:    0.00 (Cumulative side area) 

    Layer: met3
      Partial area ratio:  195.85
      Required ratio:    0.00 (Gate area) 
      Partial area ratio: 1047.55
      Required ratio:  400.00 (Side area) (VIOLATED)
      Cumulative area ratio:  204.68
      Required ratio:    0.00 (Cumulative area) 
      Cumulative area ratio: 1093.56
      Required ratio:    0.00 (Cumulative side area) 

    Via: L1M1_PR
      Partial area ratio:    0.18
      Required ratio:    3.00 (Gate area) 
      Cumulative area ratio:    0.18
      Required ratio:    0.00 (Cumulative area) 

    Via: M1M2_PR
      Partial area ratio:    0.14
      Required ratio:    6.00 (Gate area) 
      Cumulative area ratio:    0.32
      Required ratio:    0.00 (Cumulative area) 

    Via: M2M3_PR
      Partial area ratio:    0.25
      Required ratio:    6.00 (Gate area) 
      Cumulative area ratio:    0.57
      Required ratio:    0.00 (Cumulative area) 


Net: net56
  Pin: _262_/A (sky130_fd_sc_hd__nand2_1)
    Layer: met4
      Partial area ratio:   31.00
      Required ratio:    0.00 (Gate area) 
      Partial area ratio:  167.68
      Required ratio: 2778.20 (Side area) 
      Cumulative area ratio:  215.77
      Required ratio:    0.00 (Cumulative area) 
      Cumulative area ratio: 1159.50
      Required ratio:    0.00 (Cumulative side area) 

    Layer: met3
      Partial area ratio:    0.00
      Required ratio:    0.00 (Gate area) 
      Partial area ratio:    0.00
      Required ratio:  400.00 (Side area) 
      Cumulative area ratio:    1.38
      Required ratio:    0.00 (Cumulative area) 
      Cumulative area ratio:    7.67
      Required ratio:    0.00 (Cumulative side area) 

    Layer: met2
      Partial area ratio:    0.23
      Required ratio:    0.00 (Gate area) 
      Partial area ratio:    1.56
      Required ratio:  400.00 (Side area) 
      Cumulative area ratio:    1.38
      Required ratio:    0.00 (Cumulative area) 
      Cumulative area ratio:    7.67
      Required ratio:    0.00 (Cumulative side area) 

    Layer: met1
      Partial area ratio:    1.14
      Required ratio:    0.00 (Gate area) 
      Partial area ratio:    6.12
      Required ratio:  400.00 (Side area) 
      Cumulative area ratio:    1.14
      Required ratio:    0.00 (Cumulative area) 
      Cumulative area ratio:    6.12
      Required ratio:    0.00 (Cumulative side area) 

    Layer: li1
      Partial area ratio:    0.00
      Required ratio:    0.00 (Gate area) 
      Partial area ratio:    0.00
      Required ratio:   75.00 (Side area) 
      Cumulative area ratio:    0.00
      Required ratio:    0.00 (Cumulative area) 
      Cumulative area ratio:    0.00
      Required ratio:    0.00 (Cumulative side area) 

    Via: M3M4_PR
      Partial area ratio:    0.16
      Required ratio:    6.00 (Gate area) 
      Cumulative area ratio:    0.53
      Required ratio:    0.00 (Cumulative area) 

    Via: M2M3_PR
      Partial area ratio:    0.16
      Required ratio:    6.00 (Gate area) 
      Cumulative area ratio:    0.37
      Required ratio:    0.00 (Cumulative area) 

    Via: M1M2_PR
      Partial area ratio:    0.09
      Required ratio:    6.00 (Gate area) 
      Cumulative area ratio:    0.21
      Required ratio:    0.00 (Cumulative area) 

    Via: L1M1_PR
      Partial area ratio:    0.12
      Required ratio:    3.00 (Gate area) 
      Cumulative area ratio:    0.12
      Required ratio:    0.00 (Cumulative area) 

  Pin: output56/A (sky130_fd_sc_hd__buf_2)
    Layer: met4
      Partial area ratio:   31.00
      Required ratio:    0.00 (Gate area) 
      Partial area ratio:  167.68
      Required ratio: 2778.20 (Side area) 
      Cumulative area ratio:  224.85
      Required ratio:    0.00 (Cumulative area) 
      Cumulative area ratio: 1205.94
      Required ratio:    0.00 (Cumulative side area) 

    Layer: met3
      Partial area ratio:  183.40
      Required ratio:    0.00 (Gate area) 
      Partial area ratio:  984.15
      Required ratio:  400.00 (Side area) (VIOLATED)
      Cumulative area ratio:  193.85
      Required ratio:    0.00 (Cumulative area) 
      Cumulative area ratio: 1038.27
      Required ratio:    0.00 (Cumulative side area) 

    Layer: met2
      Partial area ratio:    8.68
      Required ratio:    0.00 (Gate area) 
      Partial area ratio:   44.64
      Required ratio:  400.00 (Side area) 
      Cumulative area ratio:   10.45
      Required ratio:    0.00 (Cumulative area) 
      Cumulative area ratio:   54.12
      Required ratio:    0.00 (Cumulative side area) 

    Layer: met1
      Partial area ratio:    1.77
      Required ratio:    0.00 (Gate area) 
      Partial area ratio:    9.47
      Required ratio:  400.00 (Side area) 
      Cumulative area ratio:    1.77
      Required ratio:    0.00 (Cumulative area) 
      Cumulative area ratio:    9.47
      Required ratio:    0.00 (Cumulative side area) 

    Layer: li1
      Partial area ratio:    0.00
      Required ratio:    0.00 (Gate area) 
      Partial area ratio:    0.00
      Required ratio:   75.00 (Side area) 
      Cumulative area ratio:    0.00
      Required ratio:    0.00 (Cumulative area) 
      Cumulative area ratio:    0.00
      Required ratio:    0.00 (Cumulative side area) 

    Via: M3M4_PR
      Partial area ratio:    0.50
      Required ratio:    6.00 (Gate area) 
      Cumulative area ratio:    1.08
      Required ratio:    0.00 (Cumulative area) 

    Via: M2M3_PR
      Partial area ratio:    0.25
      Required ratio:    6.00 (Gate area) 
      Cumulative area ratio:    0.57
      Required ratio:    0.00 (Cumulative area) 

    Via: M1M2_PR
      Partial area ratio:    0.14
      Required ratio:    6.00 (Gate area) 
      Cumulative area ratio:    0.32
      Required ratio:    0.00 (Cumulative area) 

    Via: L1M1_PR
      Partial area ratio:    0.18
      Required ratio:    3.00 (Gate area) 
      Cumulative area ratio:    0.18
      Required ratio:    0.00 (Cumulative area) 


Net: net57
  Pin: _266_/B1 (sky130_fd_sc_hd__o21ai_1)
    Layer: met2
      Partial area ratio:   17.73
      Required ratio:    0.00 (Gate area) 
      Partial area ratio:   91.05
      Required ratio: 2775.60 (Side area) 
      Cumulative area ratio:   18.79
      Required ratio:    0.00 (Cumulative area) 
      Cumulative area ratio:   96.85
      Required ratio:    0.00 (Cumulative side area) 

    Layer: met1
      Partial area ratio:    1.06
      Required ratio:    0.00 (Gate area) 
      Partial area ratio:    5.80
      Required ratio:  400.00 (Side area) 
      Cumulative area ratio:    1.06
      Required ratio:    0.00 (Cumulative area) 
      Cumulative area ratio:    5.80
      Required ratio:    0.00 (Cumulative side area) 

    Layer: li1
      Partial area ratio:    0.00
      Required ratio:    0.00 (Gate area) 
      Partial area ratio:    0.00
      Required ratio:   75.00 (Side area) 
      Cumulative area ratio:    0.00
      Required ratio:    0.00 (Cumulative area) 
      Cumulative area ratio:    0.00
      Required ratio:    0.00 (Cumulative side area) 

    Via: M1M2_PR
      Partial area ratio:    0.11
      Required ratio:    6.00 (Gate area) 
      Cumulative area ratio:    0.25
      Required ratio:    0.00 (Cumulative area) 

    Via: L1M1_PR
      Partial area ratio:    0.14
      Required ratio:    3.00 (Gate area) 
      Cumulative area ratio:    0.14
      Required ratio:    0.00 (Cumulative area) 

  Pin: output57/A (sky130_fd_sc_hd__buf_2)
    Layer: li1
      Partial area ratio:    0.00
      Required ratio:    0.00 (Gate area) 
      Partial area ratio:    0.00
      Required ratio:   75.00 (Side area) 
      Cumulative area ratio:    0.00
      Required ratio:    0.00 (Cumulative area) 
      Cumulative area ratio:    0.00
      Required ratio:    0.00 (Cumulative side area) 

    Layer: met1
      Partial area ratio:    1.72
      Required ratio:    0.00 (Gate area) 
      Partial area ratio:    9.19
      Required ratio:  400.00 (Side area) 
      Cumulative area ratio:    1.72
      Required ratio:    0.00 (Cumulative area) 
      Cumulative area ratio:    9.19
      Required ratio:    0.00 (Cumulative side area) 

    Layer: met2
      Partial area ratio:    8.75
      Required ratio:    0.00 (Gate area) 
      Partial area ratio:   44.99
      Required ratio:  400.00 (Side area) 
      Cumulative area ratio:   10.47
      Required ratio:    0.00 (Cumulative area) 
      Cumulative area ratio:   54.19
      Required ratio:    0.00 (Cumulative side area) 

    Layer: met3
      Partial area ratio:  117.74
      Required ratio:    0.00 (Gate area) 
      Partial area ratio:  630.94
      Required ratio:  400.00 (Side area) (VIOLATED)
      Cumulative area ratio:  128.20
      Required ratio:    0.00 (Cumulative area) 
      Cumulative area ratio:  685.13
      Required ratio:    0.00 (Cumulative side area) 

    Via: L1M1_PR
      Partial area ratio:    0.18
      Required ratio:    3.00 (Gate area) 
      Cumulative area ratio:    0.18
      Required ratio:    0.00 (Cumulative area) 

    Via: M1M2_PR
      Partial area ratio:    0.14
      Required ratio:    6.00 (Gate area) 
      Cumulative area ratio:    0.32
      Required ratio:    0.00 (Cumulative area) 

    Via: M2M3_PR
      Partial area ratio:    0.25
      Required ratio:    6.00 (Gate area) 
      Cumulative area ratio:    0.57
      Required ratio:    0.00 (Cumulative area) 


Net: net73
  Pin: output73/A (sky130_fd_sc_hd__buf_2)
    Layer: met4
      Partial area ratio:   13.58
      Required ratio:    0.00 (Gate area) 
      Partial area ratio:   75.47
      Required ratio: 2896.80 (Side area) 
      Cumulative area ratio:  165.26
      Required ratio:    0.00 (Cumulative area) 
      Cumulative area ratio:  886.63
      Required ratio:    0.00 (Cumulative side area) 

    Layer: met3
      Partial area ratio:  143.77
      Required ratio:    0.00 (Gate area) 
      Partial area ratio:  769.81
      Required ratio:  400.00 (Side area) (VIOLATED)
      Cumulative area ratio:  151.67
      Required ratio:    0.00 (Cumulative area) 
      Cumulative area ratio:  811.16
      Required ratio:    0.00 (Cumulative side area) 

    Layer: met2
      Partial area ratio:    6.53
      Required ratio:    0.00 (Gate area) 
      Partial area ratio:   33.90
      Required ratio:  400.00 (Side area) 
      Cumulative area ratio:    7.90
      Required ratio:    0.00 (Cumulative area) 
      Cumulative area ratio:   41.35
      Required ratio:    0.00 (Cumulative side area) 

    Layer: met1
      Partial area ratio:    1.37
      Required ratio:    0.00 (Gate area) 
      Partial area ratio:    7.45
      Required ratio:  400.00 (Side area) 
      Cumulative area ratio:    1.37
      Required ratio:    0.00 (Cumulative area) 
      Cumulative area ratio:    7.45
      Required ratio:    0.00 (Cumulative side area) 

    Layer: li1
      Partial area ratio:    0.00
      Required ratio:    0.00 (Gate area) 
      Partial area ratio:    0.00
      Required ratio:   75.00 (Side area) 
      Cumulative area ratio:    0.00
      Required ratio:    0.00 (Cumulative area) 
      Cumulative area ratio:    0.00
      Required ratio:    0.00 (Cumulative side area) 

    Via: M3M4_PR
      Partial area ratio:    0.25
      Required ratio:    6.00 (Gate area) 
      Cumulative area ratio:    0.83
      Required ratio:    0.00 (Cumulative area) 

    Via: M2M3_PR
      Partial area ratio:    0.25
      Required ratio:    6.00 (Gate area) 
      Cumulative area ratio:    0.57
      Required ratio:    0.00 (Cumulative area) 

    Via: M1M2_PR
      Partial area ratio:    0.14
      Required ratio:    6.00 (Gate area) 
      Cumulative area ratio:    0.32
      Required ratio:    0.00 (Cumulative area) 

    Via: L1M1_PR
      Partial area ratio:    0.18
      Required ratio:    3.00 (Gate area) 
      Cumulative area ratio:    0.18
      Required ratio:    0.00 (Cumulative area) 


Net: net75
  Pin: output75/A (sky130_fd_sc_hd__buf_2)
    Layer: met4
      Partial area ratio:   26.60
      Required ratio:    0.00 (Gate area) 
      Partial area ratio:  144.91
      Required ratio: 2771.60 (Side area) 
      Cumulative area ratio:  217.91
      Required ratio:    0.00 (Cumulative area) 
      Cumulative area ratio: 1162.91
      Required ratio:    0.00 (Cumulative side area) 

    Layer: met3
      Partial area ratio:  169.81
      Required ratio:    0.00 (Gate area) 
      Partial area ratio:  908.68
      Required ratio:  400.00 (Side area) (VIOLATED)
      Cumulative area ratio:  191.31
      Required ratio:    0.00 (Cumulative area) 
      Cumulative area ratio: 1018.00
      Required ratio:    0.00 (Cumulative side area) 

    Layer: met2
      Partial area ratio:   20.13
      Required ratio:    0.00 (Gate area) 
      Partial area ratio:  101.87
      Required ratio:  400.00 (Side area) 
      Cumulative area ratio:   21.49
      Required ratio:    0.00 (Cumulative area) 
      Cumulative area ratio:  109.32
      Required ratio:    0.00 (Cumulative side area) 

    Layer: met1
      Partial area ratio:    1.37
      Required ratio:    0.00 (Gate area) 
      Partial area ratio:    7.45
      Required ratio:  400.00 (Side area) 
      Cumulative area ratio:    1.37
      Required ratio:    0.00 (Cumulative area) 
      Cumulative area ratio:    7.45
      Required ratio:    0.00 (Cumulative side area) 

    Layer: li1
      Partial area ratio:    0.00
      Required ratio:    0.00 (Gate area) 
      Partial area ratio:    0.00
      Required ratio:   75.00 (Side area) 
      Cumulative area ratio:    0.00
      Required ratio:    0.00 (Cumulative area) 
      Cumulative area ratio:    0.00
      Required ratio:    0.00 (Cumulative side area) 

    Via: M3M4_PR
      Partial area ratio:    0.25
      Required ratio:    6.00 (Gate area) 
      Cumulative area ratio:    0.83
      Required ratio:    0.00 (Cumulative area) 

    Via: M2M3_PR
      Partial area ratio:    0.25
      Required ratio:    6.00 (Gate area) 
      Cumulative area ratio:    0.57
      Required ratio:    0.00 (Cumulative area) 

    Via: M1M2_PR
      Partial area ratio:    0.14
      Required ratio:    6.00 (Gate area) 
      Cumulative area ratio:    0.32
      Required ratio:    0.00 (Cumulative area) 

    Via: L1M1_PR
      Partial area ratio:    0.18
      Required ratio:    3.00 (Gate area) 
      Cumulative area ratio:    0.18
      Required ratio:    0.00 (Cumulative area) 


Net: net76
  Pin: output76/A (sky130_fd_sc_hd__buf_2)
    Layer: met4
      Partial area ratio:   13.58
      Required ratio:    0.00 (Gate area) 
      Partial area ratio:   75.47
      Required ratio: 2771.60 (Side area) 
      Cumulative area ratio:  198.58
      Required ratio:    0.00 (Cumulative area) 
      Cumulative area ratio: 1061.93
      Required ratio:    0.00 (Cumulative side area) 

    Layer: met3
      Partial area ratio:  169.81
      Required ratio:    0.00 (Gate area) 
      Partial area ratio:  908.68
      Required ratio:  400.00 (Side area) (VIOLATED)
      Cumulative area ratio:  185.00
      Required ratio:    0.00 (Cumulative area) 
      Cumulative area ratio:  986.46
      Required ratio:    0.00 (Cumulative side area) 

    Layer: met2
      Partial area ratio:   13.47
      Required ratio:    0.00 (Gate area) 
      Partial area ratio:   68.59
      Required ratio:  400.00 (Side area) 
      Cumulative area ratio:   15.19
      Required ratio:    0.00 (Cumulative area) 
      Cumulative area ratio:   77.78
      Required ratio:    0.00 (Cumulative side area) 

    Layer: met1
      Partial area ratio:    1.72
      Required ratio:    0.00 (Gate area) 
      Partial area ratio:    9.19
      Required ratio:  400.00 (Side area) 
      Cumulative area ratio:    1.72
      Required ratio:    0.00 (Cumulative area) 
      Cumulative area ratio:    9.19
      Required ratio:    0.00 (Cumulative side area) 

    Layer: li1
      Partial area ratio:    0.00
      Required ratio:    0.00 (Gate area) 
      Partial area ratio:    0.00
      Required ratio:   75.00 (Side area) 
      Cumulative area ratio:    0.00
      Required ratio:    0.00 (Cumulative area) 
      Cumulative area ratio:    0.00
      Required ratio:    0.00 (Cumulative side area) 

    Via: M3M4_PR
      Partial area ratio:    0.25
      Required ratio:    6.00 (Gate area) 
      Cumulative area ratio:    0.83
      Required ratio:    0.00 (Cumulative area) 

    Via: M2M3_PR
      Partial area ratio:    0.25
      Required ratio:    6.00 (Gate area) 
      Cumulative area ratio:    0.57
      Required ratio:    0.00 (Cumulative area) 

    Via: M1M2_PR
      Partial area ratio:    0.14
      Required ratio:    6.00 (Gate area) 
      Cumulative area ratio:    0.32
      Required ratio:    0.00 (Cumulative area) 

    Via: L1M1_PR
      Partial area ratio:    0.18
      Required ratio:    3.00 (Gate area) 
      Cumulative area ratio:    0.18
      Required ratio:    0.00 (Cumulative area) 


[INFO ANT-0002] Found 6 net violations.
[INFO ANT-0001] Found 6 pin violations.
