┏━━━━━━━━━━━━┳━━━━━━━━━━━━┳━━━━━━━━━━━━┳━━━━━━━━━━┳━━━━━━━━━━━━┳━━━━━━━━━━━━┳━━━━━━━━━━━┳━━━━━━━━━━━━┳━━━━━━━━━━━┳━━━━━━━━━━━┳━━━━━━━━━━━━┳━━━━━━━━━━━┳━━━━━━━━━━━━┓
┃            ┃            ┃            ┃          ┃            ┃            ┃ Setup     ┃            ┃           ┃           ┃            ┃           ┃            ┃
┃            ┃ Hold Worst ┃ Reg to Reg ┃          ┃ Hold       ┃ of which   ┃ Worst     ┃ Reg to Reg ┃           ┃ Setup     ┃ of which   ┃ Max Cap   ┃ Max Slew   ┃
┃ Corner/Gr… ┃ Slack      ┃ Paths      ┃ Hold TNS ┃ Violations ┃ Reg to Reg ┃ Slack     ┃ Paths      ┃ Setup TNS ┃ Violatio… ┃ Reg to Reg ┃ Violatio… ┃ Violations ┃
┡━━━━━━━━━━━━╇━━━━━━━━━━━━╇━━━━━━━━━━━━╇━━━━━━━━━━╇━━━━━━━━━━━━╇━━━━━━━━━━━━╇━━━━━━━━━━━╇━━━━━━━━━━━━╇━━━━━━━━━━━╇━━━━━━━━━━━╇━━━━━━━━━━━━╇━━━━━━━━━━━╇━━━━━━━━━━━━┩
│ Overall    │ 4.0530     │ N/A        │ 0.0000   │ 0          │ 0          │ 1.3147    │ N/A        │ 0.0000    │ 0         │ 0          │ 0         │ 10         │
│ nom_tt_02… │ 4.2252     │ N/A        │ 0.0000   │ 0          │ 0          │ 3.5976    │ N/A        │ 0.0000    │ 0         │ 0          │ 0         │ 0          │
│ nom_ss_10… │ 4.6579     │ N/A        │ 0.0000   │ 0          │ 0          │ 1.3901    │ N/A        │ 0.0000    │ 0         │ 0          │ 0         │ 7          │
│ nom_ff_n4… │ 4.0632     │ N/A        │ 0.0000   │ 0          │ 0          │ 4.3972    │ N/A        │ 0.0000    │ 0         │ 0          │ 0         │ 0          │
│ min_tt_02… │ 4.2098     │ N/A        │ 0.0000   │ 0          │ 0          │ 3.6776    │ N/A        │ 0.0000    │ 0         │ 0          │ 0         │ 0          │
│ min_ss_10… │ 4.6282     │ N/A        │ 0.0000   │ 0          │ 0          │ 1.5414    │ N/A        │ 0.0000    │ 0         │ 0          │ 0         │ 2          │
│ min_ff_n4… │ 4.0530     │ N/A        │ 0.0000   │ 0          │ 0          │ 4.4470    │ N/A        │ 0.0000    │ 0         │ 0          │ 0         │ 0          │
│ max_tt_02… │ 4.2320     │ N/A        │ 0.0000   │ 0          │ 0          │ 3.5552    │ N/A        │ 0.0000    │ 0         │ 0          │ 0         │ 0          │
│ max_ss_10… │ 4.6689     │ N/A        │ 0.0000   │ 0          │ 0          │ 1.3147    │ N/A        │ 0.0000    │ 0         │ 0          │ 0         │ 10         │
│ max_ff_n4… │ 4.0682     │ N/A        │ 0.0000   │ 0          │ 0          │ 4.3706    │ N/A        │ 0.0000    │ 0         │ 0          │ 0         │ 0          │
└────────────┴────────────┴────────────┴──────────┴────────────┴────────────┴───────────┴────────────┴───────────┴───────────┴────────────┴───────────┴────────────┘
