
===========================================================================
 report_power
============================================================================
======================= nom_tt_025C_1v80 Corner ===================================

Group                    Internal    Switching      Leakage        Total
                            Power        Power        Power        Power (Watts)
------------------------------------------------------------------------
Sequential           2.230874e-05 3.162969e-05 3.454576e-10 5.393877e-05  30.3%
Combinational        4.836186e-05 7.550633e-05 1.260950e-09 1.238695e-04  69.7%
Clock                2.445402e-11 0.000000e+00 6.483899e-11 8.929301e-11   0.0%
Macro                0.000000e+00 0.000000e+00 0.000000e+00 0.000000e+00   0.0%
Pad                  0.000000e+00 0.000000e+00 0.000000e+00 0.000000e+00   0.0%
------------------------------------------------------------------------
Total                7.067063e-05 1.071360e-04 1.671249e-09 1.778083e-04 100.0%
                            39.7%        60.3%         0.0%
Writing metric power__internal__total: 7.067062688292935e-5
Writing metric power__switching__total: 0.00010713601659517735
Writing metric power__leakage__total: 1.6712485839676106e-9
Writing metric power__total: 0.00017780832422431558

