
===========================================================================
 report_power
============================================================================
======================= max_ss_100C_1v60 Corner ===================================

Group                    Internal    Switching      Leakage        Total
                            Power        Power        Power        Power (Watts)
------------------------------------------------------------------------
Sequential           1.574375e-05 3.302266e-05 5.468550e-07 4.931327e-05  29.7%
Combinational        3.924514e-05 7.574699e-05 1.611089e-06 1.166032e-04  70.3%
Clock                -3.054619e-11 0.000000e+00 2.275350e-10 1.969888e-10   0.0%
Macro                0.000000e+00 0.000000e+00 0.000000e+00 0.000000e+00   0.0%
Pad                  0.000000e+00 0.000000e+00 0.000000e+00 0.000000e+00   0.0%
------------------------------------------------------------------------
Total                5.498887e-05 1.087697e-04 2.158174e-06 1.659167e-04 100.0%
                            33.1%        65.6%         1.3%

