
===========================================================================
report_checks -unconstrained
===========================================================================
======================= max_ff_n40C_1v95 Corner ===================================

Startpoint: vin_n_sw_on (input port clocked by __VIRTUAL_CLK__)
Endpoint: vss_n_o[4] (output port clocked by __VIRTUAL_CLK__)
Path Group: __VIRTUAL_CLK__
Path Type: max

Fanout         Cap        Slew       Delay        Time   Description
---------------------------------------------------------------------------------------------
                      0.000000    0.000000    0.000000   clock __VIRTUAL_CLK__ (rise edge)
                                  0.000000    0.000000   clock network delay (ideal)
                                  2.000000    2.000000 v input external delay
     1    0.003676    0.006003    0.003097    2.003097 v vin_n_sw_on (in)
                                                         vin_n_sw_on (net)
                      0.006009    0.000000    2.003097 v input24/A (sky130_fd_sc_hd__buf_1)
     1    0.018166    0.074576    0.091909    2.095007 v input24/X (sky130_fd_sc_hd__buf_1)
                                                         net24 (net)
                      0.074675    0.002263    2.097269 v _214_/A (sky130_fd_sc_hd__or3_2)
     4    0.019413    0.084659    0.327470    2.424739 v _214_/X (sky130_fd_sc_hd__or3_2)
                                                         _059_ (net)
                      0.084723    0.001771    2.426511 v _215_/A (sky130_fd_sc_hd__inv_2)
     4    0.031498    0.112669    0.115865    2.542376 ^ _215_/Y (sky130_fd_sc_hd__inv_2)
                                                         net39 (net)
                      0.112709    0.001773    2.544148 ^ _217_/B (sky130_fd_sc_hd__nand2_1)
     2    0.006537    0.056948    0.053586    2.597735 v _217_/Y (sky130_fd_sc_hd__nand2_1)
                                                         _061_ (net)
                      0.056953    0.000467    2.598201 v fanout95/A (sky130_fd_sc_hd__buf_2)
    10    0.044000    0.077024    0.137335    2.735536 v fanout95/X (sky130_fd_sc_hd__buf_2)
                                                         net95 (net)
                      0.077093    0.001953    2.737489 v _226_/B1 (sky130_fd_sc_hd__o32a_1)
     3    0.018143    0.084242    0.159796    2.897284 v _226_/X (sky130_fd_sc_hd__o32a_1)
                                                         _066_ (net)
                      0.084253    0.000812    2.898097 v _227_/A2 (sky130_fd_sc_hd__o21ai_1)
     1    0.024660    0.339619    0.292161    3.190258 ^ _227_/Y (sky130_fd_sc_hd__o21ai_1)
                                                         net78 (net)
                      0.339638    0.002112    3.192370 ^ output78/A (sky130_fd_sc_hd__buf_2)
     1    0.037626    0.140592    0.184748    3.377119 ^ output78/X (sky130_fd_sc_hd__buf_2)
                                                         vss_n_o[4] (net)
                      0.140648    0.002327    3.379446 ^ vss_n_o[4] (out)
                                              3.379446   data arrival time

                      0.000000   10.000000   10.000000   clock __VIRTUAL_CLK__ (rise edge)
                                  0.000000   10.000000   clock network delay (ideal)
                                 -0.250000    9.750000   clock uncertainty
                                  0.000000    9.750000   clock reconvergence pessimism
                                 -2.000000    7.750000   output external delay
                                              7.750000   data required time
---------------------------------------------------------------------------------------------
                                              7.750000   data required time
                                             -3.379446   data arrival time
---------------------------------------------------------------------------------------------
                                              4.370554   slack (MET)




===========================================================================
report_checks --slack_max -0.01
============================================================================
======================= max_ff_n40C_1v95 Corner ===================================

No paths found.


===========================================================================
 report_check_types -max_slew -max_cap -max_fanout -violators
============================================================================
======================= max_ff_n40C_1v95 Corner ===================================



===========================================================================
report_parasitic_annotation -report_unannotated
============================================================================
Found 0 unannotated drivers.
Found 0 partially unannotated drivers.

===========================================================================
max slew violation count 0
max fanout violation count 0
max cap violation count 0
============================================================================

===========================================================================
check_setup -verbose -unconstrained_endpoints -multiple_clock -no_clock -no_input_delay -loops -generated_clocks
===========================================================================
Warning: There are 28 unclocked register/latch pins.
  _419_/CLK
  _420_/CLK
  _421_/CLK
  _422_/CLK
  _423_/CLK
  _424_/CLK
  _425_/CLK
  _426_/CLK
  _427_/CLK
  _428_/CLK
  _429_/CLK
  _430_/CLK
  _431_/CLK
  _432_/CLK
  _433_/CLK
  _434_/CLK
  _435_/CLK
  _436_/CLK
  _437_/CLK
  _438_/CLK
  _439_/CLK
  _440_/CLK
  _441_/CLK
  _442_/CLK
  _443_/CLK
  _444_/CLK
  _445_/CLK
  _446_/CLK
Warning: There are 36 unconstrained endpoints.
  clk_data
  data[0]
  data[1]
  data[2]
  data[3]
  data[4]
  data[5]
  en_vcm_sw_o
  _419_/D
  _420_/D
  _421_/D
  _422_/D
  _423_/D
  _424_/D
  _425_/D
  _426_/D
  _427_/D
  _428_/D
  _429_/D
  _430_/D
  _431_/D
  _432_/D
  _433_/D
  _434_/D
  _435_/D
  _436_/D
  _437_/D
  _438_/D
  _439_/D
  _440_/D
  _441_/D
  _442_/D
  _443_/D
  _444_/D
  _445_/D
  _446_/D
