
===========================================================================
 report_power
============================================================================
======================= max_ff_n40C_1v95 Corner ===================================

Group                    Internal    Switching      Leakage        Total
                            Power        Power        Power        Power (Watts)
------------------------------------------------------------------------
Sequential           2.274165e-05 5.015430e-05 7.245693e-10 7.289668e-05  30.4%
Combinational        5.280726e-05 1.137278e-04 2.089175e-09 1.665372e-04  69.6%
Clock                -7.438531e-11 0.000000e+00 2.662094e-10 1.918241e-10   0.0%
Macro                0.000000e+00 0.000000e+00 0.000000e+00 0.000000e+00   0.0%
Pad                  0.000000e+00 0.000000e+00 0.000000e+00 0.000000e+00   0.0%
------------------------------------------------------------------------
Total                7.554888e-05 1.638821e-04 3.079953e-09 2.394341e-04 100.0%
                            31.6%        68.4%         0.0%

