
===========================================================================
 report_power
============================================================================
======================= min_tt_025C_1v80 Corner ===================================

Group                    Internal    Switching      Leakage        Total
                            Power        Power        Power        Power (Watts)
------------------------------------------------------------------------
Sequential           -5.602451e-08 0.000000e+00 3.454330e-10 -5.567907e-08  -0.4%
Combinational        4.091839e-06 8.938790e-06 1.188014e-09 1.303182e-05 100.4%
Clock                -1.981131e-11 0.000000e+00 3.142911e-10 2.944797e-10   0.0%
Macro                0.000000e+00 0.000000e+00 0.000000e+00 0.000000e+00   0.0%
Pad                  0.000000e+00 0.000000e+00 0.000000e+00 0.000000e+00   0.0%
------------------------------------------------------------------------
Total                4.035794e-06 8.938790e-06 1.847737e-09 1.297643e-05 100.0%
                            31.1%        68.9%         0.0%

