
===========================================================================
 report_power
============================================================================
======================= min_ff_n40C_1v95 Corner ===================================

Group                    Internal    Switching      Leakage        Total
                            Power        Power        Power        Power (Watts)
------------------------------------------------------------------------
Sequential           -6.536530e-08 0.000000e+00 4.192679e-10 -6.494603e-08  -0.4%
Combinational        4.670120e-06 1.051669e-05 2.569894e-09 1.518938e-05 100.4%
Clock                1.680000e-10 0.000000e+00 3.688487e-10 5.368487e-10   0.0%
Macro                0.000000e+00 0.000000e+00 0.000000e+00 0.000000e+00   0.0%
Pad                  0.000000e+00 0.000000e+00 0.000000e+00 0.000000e+00   0.0%
------------------------------------------------------------------------
Total                4.604924e-06 1.051669e-05 3.358009e-09 1.512497e-05 100.0%
                            30.4%        69.5%         0.0%

