
===========================================================================
 report_power
============================================================================
======================= nom_tt_025C_1v80 Corner ===================================

Group                    Internal    Switching      Leakage        Total
                            Power        Power        Power        Power (Watts)
------------------------------------------------------------------------
Sequential           2.372853e-05 2.506514e-05 3.454576e-10 4.879402e-05  30.3%
Combinational        4.807232e-05 6.391828e-05 1.260950e-09 1.119919e-04  69.7%
Clock                0.000000e+00 0.000000e+00 6.480075e-11 6.480075e-11   0.0%
Macro                0.000000e+00 0.000000e+00 0.000000e+00 0.000000e+00   0.0%
Pad                  0.000000e+00 0.000000e+00 0.000000e+00 0.000000e+00   0.0%
------------------------------------------------------------------------
Total                7.180083e-05 8.898335e-05 1.671210e-09 1.607859e-04 100.0%
                            44.7%        55.3%         0.0%
Writing metric power__internal__total: 7.180083048297092e-5
Writing metric power__switching__total: 8.898335363483056e-5
Writing metric power__leakage__total: 1.671210281273261e-9
Writing metric power__total: 0.00016078585758805275

