Net: net78
  Pin: output78/A (sky130_fd_sc_hd__buf_2)
    Layer: met4
      Partial area ratio:   31.36
      Required ratio:    0.00 (Gate area) 
      Partial area ratio:  170.26
      Required ratio: 2806.80 (Side area) 
      Cumulative area ratio:  167.10
      Required ratio:    0.00 (Cumulative area) 
      Cumulative area ratio:  895.48
      Required ratio:    0.00 (Cumulative side area) 

    Layer: met3
      Partial area ratio:  128.58
      Required ratio:    0.00 (Gate area) 
      Partial area ratio:  688.81
      Required ratio:  400.00 (Side area) (VIOLATED)
      Cumulative area ratio:  135.74
      Required ratio:    0.00 (Cumulative area) 
      Cumulative area ratio:  725.21
      Required ratio:    0.00 (Cumulative side area) 

    Layer: met2
      Partial area ratio:    7.16
      Required ratio:    0.00 (Gate area) 
      Partial area ratio:   36.41
      Required ratio:  400.00 (Side area) 
      Cumulative area ratio:    7.16
      Required ratio:    0.00 (Cumulative area) 
      Cumulative area ratio:   36.41
      Required ratio:    0.00 (Cumulative side area) 

    Layer: met1
      Partial area ratio:    0.00
      Required ratio:    0.00 (Gate area) 
      Partial area ratio:    0.00
      Required ratio:  400.00 (Side area) 
      Cumulative area ratio:    0.00
      Required ratio:    0.00 (Cumulative area) 
      Cumulative area ratio:    0.00
      Required ratio:    0.00 (Cumulative side area) 

    Layer: li1
      Partial area ratio:    0.00
      Required ratio:    0.00 (Gate area) 
      Partial area ratio:    0.00
      Required ratio:   75.00 (Side area) 
      Cumulative area ratio:    0.00
      Required ratio:    0.00 (Cumulative area) 
      Cumulative area ratio:    0.00
      Required ratio:    0.00 (Cumulative side area) 

    Via: M3M4_PR
      Partial area ratio:    0.25
      Required ratio:    6.00 (Gate area) 
      Cumulative area ratio:    0.83
      Required ratio:    0.00 (Cumulative area) 

    Via: M2M3_PR
      Partial area ratio:    0.25
      Required ratio:    6.00 (Gate area) 
      Cumulative area ratio:    0.57
      Required ratio:    0.00 (Cumulative area) 

    Via: M1M2_PR
      Partial area ratio:    0.14
      Required ratio:    6.00 (Gate area) 
      Cumulative area ratio:    0.32
      Required ratio:    0.00 (Cumulative area) 

    Via: L1M1_PR_MR
      Partial area ratio:    0.18
      Required ratio:    3.00 (Gate area) 
      Cumulative area ratio:    0.18
      Required ratio:    0.00 (Cumulative area) 


[INFO ANT-0002] Found 1 net violations.
[INFO ANT-0001] Found 1 pin violations.
