
===========================================================================
 report_power
============================================================================
======================= nom_tt_025C_1v80 Corner ===================================

Group                    Internal    Switching      Leakage        Total
                            Power        Power        Power        Power (Watts)
------------------------------------------------------------------------
Sequential           1.396327e-05 3.469588e-05 3.387268e-10 4.865949e-05  34.8%
Combinational        3.264802e-05 5.854668e-05 8.463419e-10 9.119555e-05  65.2%
Clock                0.000000e+00 0.000000e+00 6.480075e-11 6.480075e-11   0.0%
Macro                0.000000e+00 0.000000e+00 0.000000e+00 0.000000e+00   0.0%
Pad                  0.000000e+00 0.000000e+00 0.000000e+00 0.000000e+00   0.0%
------------------------------------------------------------------------
Total                4.661129e-05 9.324256e-05 1.249870e-09 1.398551e-04 100.0%
                            33.3%        66.7%         0.0%
Writing metric power__internal__total: 4.661129423766397e-5
Writing metric power__switching__total: 9.324256097897887e-5
Writing metric power__leakage__total: 1.2498697632423728e-9
Writing metric power__total: 0.0001398551103193313

