
===========================================================================
 report_power
============================================================================
======================= min_tt_025C_1v80 Corner ===================================

Group                    Internal    Switching      Leakage        Total
                            Power        Power        Power        Power (Watts)
------------------------------------------------------------------------
Sequential           2.065685e-05 3.882716e-05 3.454576e-10 5.948436e-05  29.9%
Combinational        4.823102e-05 9.103273e-05 1.260951e-09 1.392650e-04  70.1%
Clock                -4.426778e-12 0.000000e+00 2.268413e-10 2.224145e-10   0.0%
Macro                0.000000e+00 0.000000e+00 0.000000e+00 0.000000e+00   0.0%
Pad                  0.000000e+00 0.000000e+00 0.000000e+00 0.000000e+00   0.0%
------------------------------------------------------------------------
Total                6.888786e-05 1.298599e-04 1.833250e-09 1.987496e-04 100.0%
                            34.7%        65.3%         0.0%

