
===========================================================================
 report_power
============================================================================
======================= max_tt_025C_1v80 Corner ===================================

Group                    Internal    Switching      Leakage        Total
                            Power        Power        Power        Power (Watts)
------------------------------------------------------------------------
Sequential           1.990317e-05 4.223717e-05 3.454576e-10 6.214069e-05  30.0%
Combinational        4.824372e-05 9.647352e-05 1.260951e-09 1.447185e-04  70.0%
Clock                -1.549162e-11 0.000000e+00 2.268413e-10 2.113497e-10   0.0%
Macro                0.000000e+00 0.000000e+00 0.000000e+00 0.000000e+00   0.0%
Pad                  0.000000e+00 0.000000e+00 0.000000e+00 0.000000e+00   0.0%
------------------------------------------------------------------------
Total                6.814689e-05 1.387107e-04 1.833250e-09 2.068594e-04 100.0%
                            32.9%        67.1%         0.0%

