
===========================================================================
 report_power
============================================================================
======================= max_ss_100C_1v60 Corner ===================================

Group                    Internal    Switching      Leakage        Total
                            Power        Power        Power        Power (Watts)
------------------------------------------------------------------------
Sequential           -7.343628e-08 0.000000e+00 4.422125e-07 3.687762e-07   3.0%
Combinational        3.243085e-06 7.180851e-06 1.423850e-06 1.184779e-05  97.0%
Clock                -5.228205e-11 0.000000e+00 3.055154e-10 2.532334e-10   0.0%
Macro                0.000000e+00 0.000000e+00 0.000000e+00 0.000000e+00   0.0%
Pad                  0.000000e+00 0.000000e+00 0.000000e+00 0.000000e+00   0.0%
------------------------------------------------------------------------
Total                3.169596e-06 7.180851e-06 1.866370e-06 1.221682e-05 100.0%
                            25.9%        58.8%        15.3%

