
===========================================================================
report_checks -unconstrained
===========================================================================
======================= nom_ss_100C_1v60 Corner ===================================

Startpoint: vin_n_sw_on (input port clocked by __VIRTUAL_CLK__)
Endpoint: vss_n_o[4] (output port clocked by __VIRTUAL_CLK__)
Path Group: __VIRTUAL_CLK__
Path Type: max

Fanout         Cap        Slew       Delay        Time   Description
---------------------------------------------------------------------------------------------
                      0.000000    0.000000    0.000000   clock __VIRTUAL_CLK__ (rise edge)
                                  0.000000    0.000000   clock network delay (ideal)
                                  2.000000    2.000000 v input external delay
     1    0.003501    0.021178    0.011444    2.011444 v vin_n_sw_on (in)
                                                         vin_n_sw_on (net)
                      0.021179    0.000000    2.011444 v input24/A (sky130_fd_sc_hd__buf_1)
     1    0.017514    0.205155    0.258975    2.270419 v input24/X (sky130_fd_sc_hd__buf_1)
                                                         net24 (net)
                      0.205168    0.001350    2.271769 v _214_/A (sky130_fd_sc_hd__or3_2)
     4    0.018594    0.255913    1.314001    3.585770 v _214_/X (sky130_fd_sc_hd__or3_2)
                                                         _059_ (net)
                      0.255914    0.000856    3.586626 v _215_/A (sky130_fd_sc_hd__inv_2)
     4    0.030354    0.234029    0.291526    3.878152 ^ _215_/Y (sky130_fd_sc_hd__inv_2)
                                                         net39 (net)
                      0.234031    0.000627    3.878779 ^ _217_/B (sky130_fd_sc_hd__nand2_1)
     2    0.005933    0.138056    0.204711    4.083490 v _217_/Y (sky130_fd_sc_hd__nand2_1)
                                                         _061_ (net)
                      0.138057    0.000199    4.083689 v fanout95/A (sky130_fd_sc_hd__buf_2)
    10    0.042396    0.198776    0.402002    4.485691 v fanout95/X (sky130_fd_sc_hd__buf_2)
                                                         net95 (net)
                      0.198780    0.000785    4.486476 v _226_/B1 (sky130_fd_sc_hd__o32a_1)
     3    0.017303    0.245942    0.526184    5.012661 v _226_/X (sky130_fd_sc_hd__o32a_1)
                                                         _066_ (net)
                      0.245942    0.000303    5.012964 v _227_/A2 (sky130_fd_sc_hd__o21ai_1)
     1    0.023587    0.768736    0.720894    5.733858 ^ _227_/Y (sky130_fd_sc_hd__o21ai_1)
                                                         net78 (net)
                      0.768737    0.000865    5.734723 ^ output78/A (sky130_fd_sc_hd__buf_2)
     1    0.037267    0.297782    0.623996    6.358718 ^ output78/X (sky130_fd_sc_hd__buf_2)
                                                         vss_n_o[4] (net)
                      0.297788    0.001158    6.359876 ^ vss_n_o[4] (out)
                                              6.359876   data arrival time

                      0.000000   10.000000   10.000000   clock __VIRTUAL_CLK__ (rise edge)
                                  0.000000   10.000000   clock network delay (ideal)
                                 -0.250000    9.750000   clock uncertainty
                                  0.000000    9.750000   clock reconvergence pessimism
                                 -2.000000    7.750000   output external delay
                                              7.750000   data required time
---------------------------------------------------------------------------------------------
                                              7.750000   data required time
                                             -6.359876   data arrival time
---------------------------------------------------------------------------------------------
                                              1.390124   slack (MET)




===========================================================================
report_checks --slack_max -0.01
============================================================================
======================= nom_ss_100C_1v60 Corner ===================================

No paths found.


===========================================================================
 report_check_types -max_slew -max_cap -max_fanout -violators
============================================================================
======================= nom_ss_100C_1v60 Corner ===================================

max slew

Pin                                        Limit        Slew       Slack
------------------------------------------------------------------------
output38/A                              0.750000    0.859086   -0.109086 (VIOLATED)
_352_/Y                                 0.750000    0.859085   -0.109085 (VIOLATED)
output78/A                              0.750000    0.768737   -0.018737 (VIOLATED)
_227_/Y                                 0.750000    0.768736   -0.018736 (VIOLATED)
output34/A                              0.750000    0.757078   -0.007078 (VIOLATED)
_333_/Y                                 0.750000    0.757071   -0.007071 (VIOLATED)
_335_/C                                 0.750000    0.757071   -0.007071 (VIOLATED)



===========================================================================
report_parasitic_annotation -report_unannotated
============================================================================
Found 0 unannotated drivers.
Found 0 partially unannotated drivers.

===========================================================================
max slew violation count 7
max fanout violation count 0
max cap violation count 0
============================================================================

===========================================================================
check_setup -verbose -unconstrained_endpoints -multiple_clock -no_clock -no_input_delay -loops -generated_clocks
===========================================================================
Warning: There are 28 unclocked register/latch pins.
  _419_/CLK
  _420_/CLK
  _421_/CLK
  _422_/CLK
  _423_/CLK
  _424_/CLK
  _425_/CLK
  _426_/CLK
  _427_/CLK
  _428_/CLK
  _429_/CLK
  _430_/CLK
  _431_/CLK
  _432_/CLK
  _433_/CLK
  _434_/CLK
  _435_/CLK
  _436_/CLK
  _437_/CLK
  _438_/CLK
  _439_/CLK
  _440_/CLK
  _441_/CLK
  _442_/CLK
  _443_/CLK
  _444_/CLK
  _445_/CLK
  _446_/CLK
Warning: There are 36 unconstrained endpoints.
  clk_data
  data[0]
  data[1]
  data[2]
  data[3]
  data[4]
  data[5]
  en_vcm_sw_o
  _419_/D
  _420_/D
  _421_/D
  _422_/D
  _423_/D
  _424_/D
  _425_/D
  _426_/D
  _427_/D
  _428_/D
  _429_/D
  _430_/D
  _431_/D
  _432_/D
  _433_/D
  _434_/D
  _435_/D
  _436_/D
  _437_/D
  _438_/D
  _439_/D
  _440_/D
  _441_/D
  _442_/D
  _443_/D
  _444_/D
  _445_/D
  _446_/D
