
===========================================================================
 report_power
============================================================================
======================= nom_ss_100C_1v60 Corner ===================================

Group                    Internal    Switching      Leakage        Total
                            Power        Power        Power        Power (Watts)
------------------------------------------------------------------------
Sequential           1.603834e-05 3.180010e-05 5.468550e-07 4.838530e-05  29.6%
Combinational        3.924651e-05 7.429517e-05 1.611089e-06 1.151528e-04  70.4%
Clock                -2.995497e-11 0.000000e+00 2.275350e-10 1.975800e-10   0.0%
Macro                0.000000e+00 0.000000e+00 0.000000e+00 0.000000e+00   0.0%
Pad                  0.000000e+00 0.000000e+00 0.000000e+00 0.000000e+00   0.0%
------------------------------------------------------------------------
Total                5.528483e-05 1.060953e-04 2.158174e-06 1.635383e-04 100.0%
                            33.8%        64.9%         1.3%

