
===========================================================================
 report_power
============================================================================
======================= nom_ff_n40C_1v95 Corner ===================================

Group                    Internal    Switching      Leakage        Total
                            Power        Power        Power        Power (Watts)
------------------------------------------------------------------------
Sequential           1.761778e-05 3.938366e-05 7.176311e-10 5.700215e-05  25.7%
Combinational        4.968354e-05 1.150774e-04 2.205319e-09 1.647631e-04  74.3%
Clock                -1.296807e-11 0.000000e+00 2.243818e-10 2.114137e-10   0.0%
Macro                0.000000e+00 0.000000e+00 0.000000e+00 0.000000e+00   0.0%
Pad                  0.000000e+00 0.000000e+00 0.000000e+00 0.000000e+00   0.0%
------------------------------------------------------------------------
Total                6.730131e-05 1.544611e-04 3.147330e-09 2.217656e-04 100.0%
                            30.3%        69.7%         0.0%

