
===========================================================================
report_checks -unconstrained
===========================================================================
======================= nom_ss_100C_1v60 Corner ===================================

Startpoint: RST_Z (input port clocked by __VIRTUAL_CLK__)
Endpoint: DEBUG_OUT (output port clocked by __VIRTUAL_CLK__)
Path Group: __VIRTUAL_CLK__
Path Type: max

Fanout         Cap        Slew       Delay        Time   Description
---------------------------------------------------------------------------------------------
                      0.000000    0.000000    0.000000   clock __VIRTUAL_CLK__ (rise edge)
                                  0.000000    0.000000   clock network delay (ideal)
                                  2.000000    2.000000 ^ input external delay
     1    0.010595    0.085192    0.055393    2.055393 ^ RST_Z (in)
                                                         RST_Z (net)
                      0.085193    0.000000    2.055393 ^ x5/A (sky130_fd_sc_hd__inv_4)
     5    0.022537    0.057475    0.088807    2.144199 v x5/Y (sky130_fd_sc_hd__inv_4)
                                                         RSTi (net)
                      0.057488    0.000696    2.144895 v x3/B (sky130_fd_sc_hd__nor2_1)
     1    0.002633    0.123970    0.132825    2.277720 ^ x3/Y (sky130_fd_sc_hd__nor2_1)
                                                         S_IDLE_Z (net)
                      0.123970    0.000075    2.277795 ^ x1/A (sky130_fd_sc_hd__nand2_1)
     5    0.012798    0.222440    0.237637    2.515432 v x1/Y (sky130_fd_sc_hd__nand2_1)
                                                         IDLE (net)
                      0.222440    0.000228    2.515660 v x10/B (sky130_fd_sc_hd__nand2_1)
     1    0.002574    0.085831    0.166839    2.682499 ^ x10/Y (sky130_fd_sc_hd__nand2_1)
                                                         S_SAMPLE_Z (net)
                      0.085831    0.000050    2.682549 ^ x8/A (sky130_fd_sc_hd__nand2_1)
     1    0.002472    0.064236    0.097481    2.780030 v x8/Y (sky130_fd_sc_hd__nand2_1)
                                                         net4 (net)
                      0.064236    0.000048    2.780078 v x9/A (sky130_fd_sc_hd__nand2_1)
     2    0.008243    0.134516    0.141463    2.921542 ^ x9/Y (sky130_fd_sc_hd__nand2_1)
                                                         net3 (net)
                      0.134516    0.000212    2.921754 ^ x11/A (sky130_fd_sc_hd__inv_2)
     7    0.021493    0.099350    0.143007    3.064760 v x11/Y (sky130_fd_sc_hd__inv_2)
                                                         SAMPLE (net)
                      0.099353    0.000413    3.065173 v x18/A (sky130_fd_sc_hd__nand2_1)
     1    0.004814    0.097699    0.123130    3.188303 ^ x18/Y (sky130_fd_sc_hd__nand2_1)
                                                         S_CONVERT_Z (net)
                      0.097700    0.000181    3.188484 ^ x14/A (sky130_fd_sc_hd__nand2_1)
     1    0.005120    0.104799    0.134499    3.322983 v x14/Y (sky130_fd_sc_hd__nand2_1)
                                                         net7 (net)
                      0.104800    0.000186    3.323169 v x15/A (sky130_fd_sc_hd__nand2_1)
     2    0.010536    0.172754    0.183320    3.506489 ^ x15/Y (sky130_fd_sc_hd__nand2_1)
                                                         net6 (net)
                      0.172755    0.000318    3.506807 ^ x16/A (sky130_fd_sc_hd__inv_2)
    18    0.074788    0.316655    0.319762    3.826569 v x16/Y (sky130_fd_sc_hd__inv_2)
                                                         CONVERT (net)
                      0.316723    0.003919    3.830488 v x23/B (sky130_fd_sc_hd__and2b_1)
     2    0.123854    1.089583    1.228993    5.059481 v x23/X (sky130_fd_sc_hd__and2b_1)
                                                         DAC_SETTLE (net)
                      1.089586    0.001819    5.061300 v x34/A3 (sky130_fd_sc_hd__mux4_1)
     1    0.003121    0.155473    1.499559    6.560859 v x34/X (sky130_fd_sc_hd__mux4_1)
                                                         net18 (net)
                      0.155473    0.000097    6.560956 v x42/A1 (sky130_fd_sc_hd__mux4_4)
     1    0.018623    0.266891    1.471689    8.032644 v x42/X (sky130_fd_sc_hd__mux4_4)
                                                         net19 (net)
                      0.266893    0.000520    8.033164 v x63/A (sky130_fd_sc_hd__inv_8)
     1    0.035569    0.115785    0.208217    8.241381 ^ x63/Y (sky130_fd_sc_hd__inv_8)
                                                         net25 (net)
                      0.115804    0.001123    8.242504 ^ x64/A (sky130_fd_sc_hd__inv_16)
     1    0.106058    0.081848    0.111999    8.354503 v x64/Y (sky130_fd_sc_hd__inv_16)
                                                         DEBUG_OUT (net)
                      0.082552    0.006060    8.360563 v DEBUG_OUT (out)
                                              8.360563   data arrival time

                      0.000000   10.000000   10.000000   clock __VIRTUAL_CLK__ (rise edge)
                                  0.000000   10.000000   clock network delay (ideal)
                                 -0.250000    9.750000   clock uncertainty
                                  0.000000    9.750000   clock reconvergence pessimism
                                 -2.000000    7.750000   output external delay
                                              7.750000   data required time
---------------------------------------------------------------------------------------------
                                              7.750000   data required time
                                             -8.360563   data arrival time
---------------------------------------------------------------------------------------------
                                             -0.610563   slack (VIOLATED)




===========================================================================
report_checks --slack_max -0.01
============================================================================
======================= nom_ss_100C_1v60 Corner ===================================

Startpoint: RST_Z (input port clocked by __VIRTUAL_CLK__)
Endpoint: DEBUG_OUT (output port clocked by __VIRTUAL_CLK__)
Path Group: __VIRTUAL_CLK__
Path Type: max

Fanout         Cap        Slew       Delay        Time   Description
---------------------------------------------------------------------------------------------
                      0.000000    0.000000    0.000000   clock __VIRTUAL_CLK__ (rise edge)
                                  0.000000    0.000000   clock network delay (ideal)
                                  2.000000    2.000000 ^ input external delay
     1    0.010595    0.085192    0.055393    2.055393 ^ RST_Z (in)
                                                         RST_Z (net)
                      0.085193    0.000000    2.055393 ^ x5/A (sky130_fd_sc_hd__inv_4)
     5    0.022537    0.057475    0.088807    2.144199 v x5/Y (sky130_fd_sc_hd__inv_4)
                                                         RSTi (net)
                      0.057488    0.000696    2.144895 v x3/B (sky130_fd_sc_hd__nor2_1)
     1    0.002633    0.123970    0.132825    2.277720 ^ x3/Y (sky130_fd_sc_hd__nor2_1)
                                                         S_IDLE_Z (net)
                      0.123970    0.000075    2.277795 ^ x1/A (sky130_fd_sc_hd__nand2_1)
     5    0.012798    0.222440    0.237637    2.515432 v x1/Y (sky130_fd_sc_hd__nand2_1)
                                                         IDLE (net)
                      0.222440    0.000228    2.515660 v x10/B (sky130_fd_sc_hd__nand2_1)
     1    0.002574    0.085831    0.166839    2.682499 ^ x10/Y (sky130_fd_sc_hd__nand2_1)
                                                         S_SAMPLE_Z (net)
                      0.085831    0.000050    2.682549 ^ x8/A (sky130_fd_sc_hd__nand2_1)
     1    0.002472    0.064236    0.097481    2.780030 v x8/Y (sky130_fd_sc_hd__nand2_1)
                                                         net4 (net)
                      0.064236    0.000048    2.780078 v x9/A (sky130_fd_sc_hd__nand2_1)
     2    0.008243    0.134516    0.141463    2.921542 ^ x9/Y (sky130_fd_sc_hd__nand2_1)
                                                         net3 (net)
                      0.134516    0.000212    2.921754 ^ x11/A (sky130_fd_sc_hd__inv_2)
     7    0.021493    0.099350    0.143007    3.064760 v x11/Y (sky130_fd_sc_hd__inv_2)
                                                         SAMPLE (net)
                      0.099353    0.000413    3.065173 v x18/A (sky130_fd_sc_hd__nand2_1)
     1    0.004814    0.097699    0.123130    3.188303 ^ x18/Y (sky130_fd_sc_hd__nand2_1)
                                                         S_CONVERT_Z (net)
                      0.097700    0.000181    3.188484 ^ x14/A (sky130_fd_sc_hd__nand2_1)
     1    0.005120    0.104799    0.134499    3.322983 v x14/Y (sky130_fd_sc_hd__nand2_1)
                                                         net7 (net)
                      0.104800    0.000186    3.323169 v x15/A (sky130_fd_sc_hd__nand2_1)
     2    0.010536    0.172754    0.183320    3.506489 ^ x15/Y (sky130_fd_sc_hd__nand2_1)
                                                         net6 (net)
                      0.172755    0.000318    3.506807 ^ x16/A (sky130_fd_sc_hd__inv_2)
    18    0.074788    0.316655    0.319762    3.826569 v x16/Y (sky130_fd_sc_hd__inv_2)
                                                         CONVERT (net)
                      0.316723    0.003919    3.830488 v x23/B (sky130_fd_sc_hd__and2b_1)
     2    0.123854    1.089583    1.228993    5.059481 v x23/X (sky130_fd_sc_hd__and2b_1)
                                                         DAC_SETTLE (net)
                      1.089586    0.001819    5.061300 v x34/A3 (sky130_fd_sc_hd__mux4_1)
     1    0.003121    0.155473    1.499559    6.560859 v x34/X (sky130_fd_sc_hd__mux4_1)
                                                         net18 (net)
                      0.155473    0.000097    6.560956 v x42/A1 (sky130_fd_sc_hd__mux4_4)
     1    0.018623    0.266891    1.471689    8.032644 v x42/X (sky130_fd_sc_hd__mux4_4)
                                                         net19 (net)
                      0.266893    0.000520    8.033164 v x63/A (sky130_fd_sc_hd__inv_8)
     1    0.035569    0.115785    0.208217    8.241381 ^ x63/Y (sky130_fd_sc_hd__inv_8)
                                                         net25 (net)
                      0.115804    0.001123    8.242504 ^ x64/A (sky130_fd_sc_hd__inv_16)
     1    0.106058    0.081848    0.111999    8.354503 v x64/Y (sky130_fd_sc_hd__inv_16)
                                                         DEBUG_OUT (net)
                      0.082552    0.006060    8.360563 v DEBUG_OUT (out)
                                              8.360563   data arrival time

                      0.000000   10.000000   10.000000   clock __VIRTUAL_CLK__ (rise edge)
                                  0.000000   10.000000   clock network delay (ideal)
                                 -0.250000    9.750000   clock uncertainty
                                  0.000000    9.750000   clock reconvergence pessimism
                                 -2.000000    7.750000   output external delay
                                              7.750000   data required time
---------------------------------------------------------------------------------------------
                                              7.750000   data required time
                                             -8.360563   data arrival time
---------------------------------------------------------------------------------------------
                                             -0.610563   slack (VIOLATED)




===========================================================================
 report_check_types -max_slew -max_cap -max_fanout -violators
============================================================================
======================= nom_ss_100C_1v60 Corner ===================================

max slew

Pin                                        Limit        Slew       Slack
------------------------------------------------------------------------
DAC_SETTLE                              0.750000    1.721976   -0.971976 (VIOLATED)
x34/A3                                  0.750000    1.721948   -0.971948 (VIOLATED)
x23/X                                   0.750000    1.721946   -0.971946 (VIOLATED)
x5_1/RESET_B                            0.750000    1.007461   -0.257461 (VIOLATED)
x5_2/RESET_B                            0.750000    1.007461   -0.257461 (VIOLATED)
x5_3/RESET_B                            0.750000    1.007460   -0.257460 (VIOLATED)
x5_4/RESET_B                            0.750000    1.007458   -0.257458 (VIOLATED)
x5_0/RESET_B                            0.750000    1.007454   -0.257454 (VIOLATED)
x5_7/RESET_B                            0.750000    1.007453   -0.257453 (VIOLATED)
x5_6/RESET_B                            0.750000    1.007453   -0.257453 (VIOLATED)
x5_8/RESET_B                            0.750000    1.007448   -0.257448 (VIOLATED)
x5_5/RESET_B                            0.750000    1.007444   -0.257444 (VIOLATED)
x5_9/RESET_B                            0.750000    1.007441   -0.257441 (VIOLATED)
x5_10/RESET_B                           0.750000    1.007439   -0.257439 (VIOLATED)
x5_11/RESET_B                           0.750000    1.007439   -0.257439 (VIOLATED)
x62/Y                                   0.750000    1.007437   -0.257437 (VIOLATED)

max fanout

Pin                                   Limit Fanout  Slack
---------------------------------------------------------
x22/Y                                    10     26    -16 (VIOLATED)
x16/Y                                    10     18     -8 (VIOLATED)
COMP_P                                   10     14     -4 (VIOLATED)
x36/X                                    10     12     -2 (VIOLATED)
x62/Y                                    10     12     -2 (VIOLATED)

max capacitance

Pin                                        Limit         Cap       Slack
------------------------------------------------------------------------
x23/X                                   0.107127    0.123916   -0.016789 (VIOLATED)



===========================================================================
report_parasitic_annotation -report_unannotated
============================================================================
Found 0 unannotated drivers.
Found 0 partially unannotated drivers.

===========================================================================
max slew violation count 16
max fanout violation count 5
max cap violation count 1
============================================================================

===========================================================================
check_setup -verbose -unconstrained_endpoints -multiple_clock -no_clock -no_input_delay -loops -generated_clocks
===========================================================================
Warning: There are 25 unclocked register/latch pins.
  x1_0/CLK
  x1_1/CLK
  x1_10/CLK
  x1_11/CLK
  x1_2/CLK
  x1_3/CLK
  x1_4/CLK
  x1_5/CLK
  x1_6/CLK
  x1_7/CLK
  x1_8/CLK
  x1_9/CLK
  x44/CLK
  x5_0/CLK
  x5_1/CLK
  x5_10/CLK
  x5_11/CLK
  x5_2/CLK
  x5_3/CLK
  x5_4/CLK
  x5_5/CLK
  x5_6/CLK
  x5_7/CLK
  x5_8/CLK
  x5_9/CLK
Warning: There are 34 unconstrained endpoints.
  CLK_DATA
  DATA[0]
  DATA[1]
  DATA[2]
  DATA[3]
  DATA[4]
  DATA[5]
  HI
  LO
  x1_0/D
  x1_1/D
  x1_10/D
  x1_11/D
  x1_2/D
  x1_3/D
  x1_4/D
  x1_5/D
  x1_6/D
  x1_7/D
  x1_8/D
  x1_9/D
  x44/D
  x5_0/D
  x5_1/D
  x5_10/D
  x5_11/D
  x5_2/D
  x5_3/D
  x5_4/D
  x5_5/D
  x5_6/D
  x5_7/D
  x5_8/D
  x5_9/D
Warning: There are 7 combinational loops in the design.
  x25/Y
  x24/B
  x24/Y
  x25/A
  | loop cut point
  x25/Y
  --------------------------------
  x14/Y
  x15/A
  x15/Y
  x14/B
  | loop cut point
  x14/Y
  --------------------------------
  x9/Y
  x11/A
  x11/Y
  x18/A
  x18/Y
  x14/A
  x14/Y
  x15/A
  x15/Y
  x16/A
  x16/Y
  x13/A
  x13/X
  x12/A
  x12/Y
  x9/B
  | loop cut point
  x9/Y
  --------------------------------
  x7/X
  x3/A
  x3/Y
  x1/A
  x1/Y
  x10/B
  x10/Y
  x8/A
  x8/Y
  x9/A
  x9/Y
  x11/A
  x11/Y
  x18/A
  x18/Y
  x14/A
  x14/Y
  x15/A
  x15/Y
  x16/A
  x16/Y
  x7/A
  | loop cut point
  x7/X
  --------------------------------
  x1/Y
  x10/B
  x10/Y
  x8/A
  x8/Y
  x9/A
  x9/Y
  x11/A
  x11/Y
  x4/A
  x4/Y
  x2/B
  x2/Y
  x1/B
  | loop cut point
  x1/Y
  --------------------------------
  x8/Y
  x9/A
  x9/Y
  x8/B
  | loop cut point
  x8/Y
  --------------------------------
  x29/X
  x28/A
  x28/Y
  x25/B
  x25/Y
  x26/A
  x26/Y
  x29/B
  | loop cut point
  x29/X
  --------------------------------
