
===========================================================================
 report_power
============================================================================
======================= nom_ss_100C_1v60 Corner ===================================

Group                    Internal    Switching      Leakage        Total
                            Power        Power        Power        Power (Watts)
------------------------------------------------------------------------
Sequential           -7.313376e-08 0.000000e+00 4.422125e-07 3.690787e-07   3.0%
Combinational        3.242237e-06 7.091263e-06 1.423850e-06 1.175735e-05  97.0%
Clock                -6.124419e-11 0.000000e+00 3.055154e-10 2.442712e-10   0.0%
Macro                0.000000e+00 0.000000e+00 0.000000e+00 0.000000e+00   0.0%
Pad                  0.000000e+00 0.000000e+00 0.000000e+00 0.000000e+00   0.0%
------------------------------------------------------------------------
Total                3.169042e-06 7.091263e-06 1.866370e-06 1.212667e-05 100.0%
                            26.1%        58.5%        15.4%

