
===========================================================================
 report_power
============================================================================
======================= nom_ff_n40C_1v95 Corner ===================================

Group                    Internal    Switching      Leakage        Total
                            Power        Power        Power        Power (Watts)
------------------------------------------------------------------------
Sequential           2.316077e-05 4.833837e-05 7.245693e-10 7.149988e-05  30.3%
Combinational        5.276992e-05 1.115713e-04 2.089175e-09 1.643433e-04  69.7%
Clock                -7.299356e-11 0.000000e+00 2.662094e-10 1.932159e-10   0.0%
Macro                0.000000e+00 0.000000e+00 0.000000e+00 0.000000e+00   0.0%
Pad                  0.000000e+00 0.000000e+00 0.000000e+00 0.000000e+00   0.0%
------------------------------------------------------------------------
Total                7.593061e-05 1.599097e-04 3.079953e-09 2.358434e-04 100.0%
                            32.2%        67.8%         0.0%

