
===========================================================================
 report_power
============================================================================
======================= max_ss_100C_1v60 Corner ===================================

Group                    Internal    Switching      Leakage        Total
                            Power        Power        Power        Power (Watts)
------------------------------------------------------------------------
Sequential           9.761749e-06 1.832827e-05 5.193622e-07 2.860938e-05  24.4%
Combinational        2.796268e-05 5.948154e-05 1.355049e-06 8.879926e-05  75.6%
Clock                -5.524508e-12 0.000000e+00 3.331486e-10 3.276241e-10   0.0%
Macro                0.000000e+00 0.000000e+00 0.000000e+00 0.000000e+00   0.0%
Pad                  0.000000e+00 0.000000e+00 0.000000e+00 0.000000e+00   0.0%
------------------------------------------------------------------------
Total                3.772442e-05 7.780979e-05 1.874745e-06 1.174089e-04 100.0%
                            32.1%        66.3%         1.6%

