
===========================================================================
 report_power
============================================================================
======================= min_ff_n40C_1v95 Corner ===================================

Group                    Internal    Switching      Leakage        Total
                            Power        Power        Power        Power (Watts)
------------------------------------------------------------------------
Sequential           1.808686e-05 3.734520e-05 7.176311e-10 5.543278e-05  25.7%
Combinational        4.963085e-05 1.107147e-04 2.205319e-09 1.603478e-04  74.3%
Clock                -1.741500e-12 0.000000e+00 2.243818e-10 2.226403e-10   0.0%
Macro                0.000000e+00 0.000000e+00 0.000000e+00 0.000000e+00   0.0%
Pad                  0.000000e+00 0.000000e+00 0.000000e+00 0.000000e+00   0.0%
------------------------------------------------------------------------
Total                6.771769e-05 1.480599e-04 3.147330e-09 2.157807e-04 100.0%
                            31.4%        68.6%         0.0%

