
===========================================================================
report_checks -unconstrained
===========================================================================
======================= nom_tt_025C_1v80 Corner ===================================

Startpoint: RST_Z (input port clocked by __VIRTUAL_CLK__)
Endpoint: DEBUG_OUT (output port clocked by __VIRTUAL_CLK__)
Path Group: __VIRTUAL_CLK__
Path Type: max

Fanout         Cap        Slew       Delay        Time   Description
---------------------------------------------------------------------------------------------
                      0.000000    0.000000    0.000000   clock __VIRTUAL_CLK__ (rise edge)
                                  0.000000    0.000000   clock network delay (ideal)
                                  2.000000    2.000000 ^ input external delay
     1    0.010697    0.054544    0.036314    2.036314 ^ RST_Z (in)
                                                         RST_Z (net)
                      0.054546    0.000000    2.036314 ^ x5/A (sky130_fd_sc_hd__inv_4)
     5    0.022378    0.032809    0.047101    2.083415 v x5/Y (sky130_fd_sc_hd__inv_4)
                                                         RSTi (net)
                      0.032831    0.000691    2.084106 v x3/B (sky130_fd_sc_hd__nor2_1)
     1    0.002641    0.073444    0.075178    2.159284 ^ x3/Y (sky130_fd_sc_hd__nor2_1)
                                                         S_IDLE_Z (net)
                      0.073444    0.000075    2.159359 ^ x1/A (sky130_fd_sc_hd__nand2_1)
     5    0.012911    0.098021    0.105836    2.265196 v x1/Y (sky130_fd_sc_hd__nand2_1)
                                                         IDLE (net)
                      0.098022    0.000229    2.265425 v x10/B (sky130_fd_sc_hd__nand2_1)
     1    0.002582    0.048549    0.082887    2.348312 ^ x10/Y (sky130_fd_sc_hd__nand2_1)
                                                         S_SAMPLE_Z (net)
                      0.048549    0.000050    2.348363 ^ x8/A (sky130_fd_sc_hd__nand2_1)
     1    0.002460    0.029162    0.043310    2.391673 v x8/Y (sky130_fd_sc_hd__nand2_1)
                                                         net4 (net)
                      0.029163    0.000048    2.391721 v x9/A (sky130_fd_sc_hd__nand2_1)
     2    0.008283    0.084014    0.081590    2.473310 ^ x9/Y (sky130_fd_sc_hd__nand2_1)
                                                         net3 (net)
                      0.084014    0.000213    2.473524 ^ x11/A (sky130_fd_sc_hd__inv_2)
     7    0.021505    0.055940    0.072252    2.545776 v x11/Y (sky130_fd_sc_hd__inv_2)
                                                         SAMPLE (net)
                      0.055945    0.000412    2.546188 v x18/A (sky130_fd_sc_hd__nand2_1)
     1    0.004822    0.060079    0.070944    2.617132 ^ x18/Y (sky130_fd_sc_hd__nand2_1)
                                                         S_CONVERT_Z (net)
                      0.060080    0.000182    2.617314 ^ x14/A (sky130_fd_sc_hd__nand2_1)
     1    0.005108    0.046278    0.060959    2.678272 v x14/Y (sky130_fd_sc_hd__nand2_1)
                                                         net7 (net)
                      0.046279    0.000185    2.678457 v x15/A (sky130_fd_sc_hd__nand2_1)
     2    0.010576    0.108594    0.102949    2.781406 ^ x15/Y (sky130_fd_sc_hd__nand2_1)
                                                         net6 (net)
                      0.108596    0.000320    2.781726 ^ x16/A (sky130_fd_sc_hd__inv_2)
    18    0.079114    0.176414    0.173642    2.955368 v x16/Y (sky130_fd_sc_hd__inv_2)
                                                         CONVERT (net)
                      0.176551    0.004137    2.959505 v x23/B (sky130_fd_sc_hd__and2b_1)
     2    0.123904    0.571025    0.628261    3.587767 v x23/X (sky130_fd_sc_hd__and2b_1)
                                                         DAC_SETTLE (net)
                      0.571032    0.001820    3.589587 v x34/A3 (sky130_fd_sc_hd__mux4_1)
     1    0.003135    0.087140    0.662357    4.251944 v x34/X (sky130_fd_sc_hd__mux4_1)
                                                         net18 (net)
                      0.087140    0.000097    4.252040 v x42/A1 (sky130_fd_sc_hd__mux4_4)
     1    0.018522    0.142586    0.652916    4.904956 v x42/X (sky130_fd_sc_hd__mux4_4)
                                                         net19 (net)
                      0.142586    0.000516    4.905473 v x63/A (sky130_fd_sc_hd__inv_8)
     1    0.035694    0.072182    0.114198    5.019671 ^ x63/Y (sky130_fd_sc_hd__inv_8)
                                                         net25 (net)
                      0.072211    0.001126    5.020797 ^ x64/A (sky130_fd_sc_hd__inv_16)
     1    0.106058    0.053189    0.060528    5.081325 v x64/Y (sky130_fd_sc_hd__inv_16)
                                                         DEBUG_OUT (net)
                      0.054253    0.006003    5.087328 v DEBUG_OUT (out)
                                              5.087328   data arrival time

                      0.000000   10.000000   10.000000   clock __VIRTUAL_CLK__ (rise edge)
                                  0.000000   10.000000   clock network delay (ideal)
                                 -0.250000    9.750000   clock uncertainty
                                  0.000000    9.750000   clock reconvergence pessimism
                                 -2.000000    7.750000   output external delay
                                              7.750000   data required time
---------------------------------------------------------------------------------------------
                                              7.750000   data required time
                                             -5.087328   data arrival time
---------------------------------------------------------------------------------------------
                                              2.662672   slack (MET)




===========================================================================
report_checks --slack_max -0.01
============================================================================
======================= nom_tt_025C_1v80 Corner ===================================

No paths found.


===========================================================================
 report_check_types -max_slew -max_cap -max_fanout -violators
============================================================================
======================= nom_tt_025C_1v80 Corner ===================================

max slew

Pin                                        Limit        Slew       Slack
------------------------------------------------------------------------
DAC_SETTLE                              0.750000    1.099539   -0.349539 (VIOLATED)
x34/A3                                  0.750000    1.099495   -0.349495 (VIOLATED)
x23/X                                   0.750000    1.099491   -0.349491 (VIOLATED)

max fanout

Pin                                   Limit Fanout  Slack
---------------------------------------------------------
x22/Y                                    10     26    -16 (VIOLATED)
x16/Y                                    10     18     -8 (VIOLATED)
COMP_P                                   10     14     -4 (VIOLATED)
x36/X                                    10     12     -2 (VIOLATED)
x62/Y                                    10     12     -2 (VIOLATED)



===========================================================================
report_parasitic_annotation -report_unannotated
============================================================================
Found 0 unannotated drivers.
Found 0 partially unannotated drivers.

===========================================================================
max slew violation count 3
max fanout violation count 5
max cap violation count 0
============================================================================

===========================================================================
check_setup -verbose -unconstrained_endpoints -multiple_clock -no_clock -no_input_delay -loops -generated_clocks
===========================================================================
Warning: There are 25 unclocked register/latch pins.
  x1_0/CLK
  x1_1/CLK
  x1_10/CLK
  x1_11/CLK
  x1_2/CLK
  x1_3/CLK
  x1_4/CLK
  x1_5/CLK
  x1_6/CLK
  x1_7/CLK
  x1_8/CLK
  x1_9/CLK
  x44/CLK
  x5_0/CLK
  x5_1/CLK
  x5_10/CLK
  x5_11/CLK
  x5_2/CLK
  x5_3/CLK
  x5_4/CLK
  x5_5/CLK
  x5_6/CLK
  x5_7/CLK
  x5_8/CLK
  x5_9/CLK
Warning: There are 34 unconstrained endpoints.
  CLK_DATA
  DATA[0]
  DATA[1]
  DATA[2]
  DATA[3]
  DATA[4]
  DATA[5]
  HI
  LO
  x1_0/D
  x1_1/D
  x1_10/D
  x1_11/D
  x1_2/D
  x1_3/D
  x1_4/D
  x1_5/D
  x1_6/D
  x1_7/D
  x1_8/D
  x1_9/D
  x44/D
  x5_0/D
  x5_1/D
  x5_10/D
  x5_11/D
  x5_2/D
  x5_3/D
  x5_4/D
  x5_5/D
  x5_6/D
  x5_7/D
  x5_8/D
  x5_9/D
Warning: There are 7 combinational loops in the design.
  x25/Y
  x24/B
  x24/Y
  x25/A
  | loop cut point
  x25/Y
  --------------------------------
  x14/Y
  x15/A
  x15/Y
  x14/B
  | loop cut point
  x14/Y
  --------------------------------
  x9/Y
  x11/A
  x11/Y
  x18/A
  x18/Y
  x14/A
  x14/Y
  x15/A
  x15/Y
  x16/A
  x16/Y
  x13/A
  x13/X
  x12/A
  x12/Y
  x9/B
  | loop cut point
  x9/Y
  --------------------------------
  x7/X
  x3/A
  x3/Y
  x1/A
  x1/Y
  x10/B
  x10/Y
  x8/A
  x8/Y
  x9/A
  x9/Y
  x11/A
  x11/Y
  x18/A
  x18/Y
  x14/A
  x14/Y
  x15/A
  x15/Y
  x16/A
  x16/Y
  x7/A
  | loop cut point
  x7/X
  --------------------------------
  x1/Y
  x10/B
  x10/Y
  x8/A
  x8/Y
  x9/A
  x9/Y
  x11/A
  x11/Y
  x4/A
  x4/Y
  x2/B
  x2/Y
  x1/B
  | loop cut point
  x1/Y
  --------------------------------
  x8/Y
  x9/A
  x9/Y
  x8/B
  | loop cut point
  x8/Y
  --------------------------------
  x29/X
  x28/A
  x28/Y
  x25/B
  x25/Y
  x26/A
  x26/Y
  x29/B
  | loop cut point
  x29/X
  --------------------------------
