
===========================================================================
 report_power
============================================================================
======================= nom_tt_025C_1v80 Corner ===================================

Group                    Internal    Switching      Leakage        Total
                            Power        Power        Power        Power (Watts)
------------------------------------------------------------------------
Sequential           -5.601522e-08 0.000000e+00 3.454330e-10 -5.566979e-08  -0.4%
Combinational        4.092781e-06 9.075028e-06 1.188014e-09 1.316900e-05 100.4%
Clock                -1.788272e-11 0.000000e+00 3.142911e-10 2.964083e-10   0.0%
Macro                0.000000e+00 0.000000e+00 0.000000e+00 0.000000e+00   0.0%
Pad                  0.000000e+00 0.000000e+00 0.000000e+00 0.000000e+00   0.0%
------------------------------------------------------------------------
Total                4.036748e-06 9.075028e-06 1.847737e-09 1.311362e-05 100.0%
                            30.8%        69.2%         0.0%

