
===========================================================================
 report_power
============================================================================
======================= nom_tt_025C_1v80 Corner ===================================

Group                    Internal    Switching      Leakage        Total
                            Power        Power        Power        Power (Watts)
------------------------------------------------------------------------
Sequential           1.540238e-05 4.739749e-05 3.367806e-10 6.280021e-05  40.3%
Combinational        3.514043e-05 5.805244e-05 8.140033e-10 9.319368e-05  59.7%
Clock                0.000000e+00 0.000000e+00 0.000000e+00 0.000000e+00   0.0%
Macro                0.000000e+00 0.000000e+00 0.000000e+00 0.000000e+00   0.0%
Pad                  0.000000e+00 0.000000e+00 0.000000e+00 0.000000e+00   0.0%
------------------------------------------------------------------------
Total                5.054282e-05 1.054500e-04 1.150784e-09 1.559939e-04 100.0%
                            32.4%        67.6%         0.0%

