
===========================================================================
 report_power
============================================================================
======================= min_tt_025C_1v80 Corner ===================================

Group                    Internal    Switching      Leakage        Total
                            Power        Power        Power        Power (Watts)
------------------------------------------------------------------------
Sequential           1.586352e-05 3.154977e-05 3.460897e-10 4.741364e-05  25.4%
Combinational        4.540529e-05 9.390640e-05 1.391257e-09 1.393131e-04  74.6%
Clock                1.109814e-11 0.000000e+00 1.912035e-10 2.023016e-10   0.0%
Macro                0.000000e+00 0.000000e+00 0.000000e+00 0.000000e+00   0.0%
Pad                  0.000000e+00 0.000000e+00 0.000000e+00 0.000000e+00   0.0%
------------------------------------------------------------------------
Total                6.126883e-05 1.254562e-04 1.928549e-09 1.867269e-04 100.0%
                            32.8%        67.2%         0.0%

