┏━━━━━━━━━━━━━┳━━━━━━━━━━━━━┳━━━━━━━━━━━━━┳━━━━━━━━━━┳━━━━━━━━━━━━━┳━━━━━━━━━━━━━┳━━━━━━━━━━━━━┳━━━━━━━━━━━━━┳━━━━━━━━━━━┳━━━━━━━━━━━━━┳━━━━━━━━━━━━━┳━━━━━━━━━━━━━┳━━━━━━━━━━━━━┓
┃             ┃ Hold Worst  ┃ Reg to Reg  ┃          ┃ Hold        ┃ of which    ┃ Setup Worst ┃ Reg to Reg  ┃           ┃ Setup       ┃ of which    ┃ Max Cap     ┃ Max Slew    ┃
┃ Corner/Gro… ┃ Slack       ┃ Paths       ┃ Hold TNS ┃ Violations  ┃ Reg to Reg  ┃ Slack       ┃ Paths       ┃ Setup TNS ┃ Violations  ┃ Reg to Reg  ┃ Violations  ┃ Violations  ┃
┡━━━━━━━━━━━━━╇━━━━━━━━━━━━━╇━━━━━━━━━━━━━╇━━━━━━━━━━╇━━━━━━━━━━━━━╇━━━━━━━━━━━━━╇━━━━━━━━━━━━━╇━━━━━━━━━━━━━╇━━━━━━━━━━━╇━━━━━━━━━━━━━╇━━━━━━━━━━━━━╇━━━━━━━━━━━━━╇━━━━━━━━━━━━━┩
│ Overall     │ 4.0419      │ N/A         │ 0.0000   │ 0           │ 0           │ 2.2657      │ N/A         │ 0.0000    │ 0           │ 0           │ 0           │ 2           │
│ nom_tt_025… │ 4.2037      │ N/A         │ 0.0000   │ 0           │ 0           │ 4.0360      │ N/A         │ 0.0000    │ 0           │ 0           │ 0           │ 0           │
│ nom_ss_100… │ 4.6145      │ N/A         │ 0.0000   │ 0           │ 0           │ 2.3001      │ N/A         │ 0.0000    │ 0           │ 0           │ 0           │ 2           │
│ nom_ff_n40… │ 4.0496      │ N/A         │ 0.0000   │ 0           │ 0           │ 4.6784      │ N/A         │ 0.0000    │ 0           │ 0           │ 0           │ 0           │
│ min_tt_025… │ 4.1922      │ N/A         │ 0.0000   │ 0           │ 0           │ 4.0649      │ N/A         │ 0.0000    │ 0           │ 0           │ 0           │ 0           │
│ min_ss_100… │ 4.5918      │ N/A         │ 0.0000   │ 0           │ 0           │ 2.3527      │ N/A         │ 0.0000    │ 0           │ 0           │ 0           │ 2           │
│ min_ff_n40… │ 4.0419      │ N/A         │ 0.0000   │ 0           │ 0           │ 4.6982      │ N/A         │ 0.0000    │ 0           │ 0           │ 0           │ 0           │
│ max_tt_025… │ 4.2086      │ N/A         │ 0.0000   │ 0           │ 0           │ 4.0153      │ N/A         │ 0.0000    │ 0           │ 0           │ 0           │ 0           │
│ max_ss_100… │ 4.6230      │ N/A         │ 0.0000   │ 0           │ 0           │ 2.2657      │ N/A         │ 0.0000    │ 0           │ 0           │ 0           │ 2           │
│ max_ff_n40… │ 4.0532      │ N/A         │ 0.0000   │ 0           │ 0           │ 4.6639      │ N/A         │ 0.0000    │ 0           │ 0           │ 0           │ 0           │
└─────────────┴─────────────┴─────────────┴──────────┴─────────────┴─────────────┴─────────────┴─────────────┴───────────┴─────────────┴─────────────┴─────────────┴─────────────┘
