
===========================================================================
 report_power
============================================================================
======================= max_ff_n40C_1v95 Corner ===================================

Group                    Internal    Switching      Leakage        Total
                            Power        Power        Power        Power (Watts)
------------------------------------------------------------------------
Sequential           1.428514e-05 2.788077e-05 6.643887e-10 4.216658e-05  24.9%
Combinational        3.816456e-05 8.928884e-05 1.931482e-09 1.274553e-04  75.1%
Clock                -1.568096e-11 0.000000e+00 3.992688e-10 3.835878e-10   0.0%
Macro                0.000000e+00 0.000000e+00 0.000000e+00 0.000000e+00   0.0%
Pad                  0.000000e+00 0.000000e+00 0.000000e+00 0.000000e+00   0.0%
------------------------------------------------------------------------
Total                5.244968e-05 1.171696e-04 2.995140e-09 1.696223e-04 100.0%
                            30.9%        69.1%         0.0%

