
===========================================================================
 report_power
============================================================================
======================= min_ff_n40C_1v95 Corner ===================================

Group                    Internal    Switching      Leakage        Total
                            Power        Power        Power        Power (Watts)
------------------------------------------------------------------------
Sequential           1.481824e-05 2.558145e-05 6.643887e-10 4.040035e-05  24.8%
Combinational        3.806439e-05 8.475631e-05 1.931482e-09 1.228226e-04  75.2%
Clock                -1.479078e-11 0.000000e+00 3.992688e-10 3.844780e-10   0.0%
Macro                0.000000e+00 0.000000e+00 0.000000e+00 0.000000e+00   0.0%
Pad                  0.000000e+00 0.000000e+00 0.000000e+00 0.000000e+00   0.0%
------------------------------------------------------------------------
Total                5.288261e-05 1.103377e-04 2.995140e-09 1.632234e-04 100.0%
                            32.4%        67.6%         0.0%

