
===========================================================================
 report_power
============================================================================
======================= nom_tt_025C_1v80 Corner ===================================

Group                    Internal    Switching      Leakage        Total
                            Power        Power        Power        Power (Watts)
------------------------------------------------------------------------
Sequential           1.341790e-05 1.577893e-05 3.281534e-10 2.919716e-05  30.7%
Combinational        2.068101e-05 4.512813e-05 6.885861e-10 6.580983e-05  69.3%
Clock                0.000000e+00 0.000000e+00 6.480075e-11 6.480075e-11   0.0%
Macro                0.000000e+00 0.000000e+00 0.000000e+00 0.000000e+00   0.0%
Pad                  0.000000e+00 0.000000e+00 0.000000e+00 0.000000e+00   0.0%
------------------------------------------------------------------------
Total                3.409890e-05 6.090707e-05 1.081541e-09 9.500705e-05 100.0%
                            35.9%        64.1%         0.0%
Writing metric power__internal__total: 3.4098902688128874e-5
Writing metric power__switching__total: 6.090706665418111e-5
Writing metric power__leakage__total: 1.081540523806268e-9
Writing metric power__total: 9.50070534599945e-5

