
===========================================================================
 report_power
============================================================================
======================= nom_ff_n40C_1v95 Corner ===================================

Group                    Internal    Switching      Leakage        Total
                            Power        Power        Power        Power (Watts)
------------------------------------------------------------------------
Sequential           1.454310e-05 2.676247e-05 6.643887e-10 4.130624e-05  24.7%
Combinational        3.812336e-05 8.769620e-05 1.931482e-09 1.258215e-04  75.3%
Clock                -1.543347e-11 0.000000e+00 3.992688e-10 3.838353e-10   0.0%
Macro                0.000000e+00 0.000000e+00 0.000000e+00 0.000000e+00   0.0%
Pad                  0.000000e+00 0.000000e+00 0.000000e+00 0.000000e+00   0.0%
------------------------------------------------------------------------
Total                5.266643e-05 1.144587e-04 2.995140e-09 1.671281e-04 100.0%
                            31.5%        68.5%         0.0%

