
===========================================================================
 report_power
============================================================================
======================= min_ss_100C_1v60 Corner ===================================

Group                    Internal    Switching      Leakage        Total
                            Power        Power        Power        Power (Watts)
------------------------------------------------------------------------
Sequential           1.638771e-05 3.032833e-05 5.468550e-07 4.726290e-05  29.6%
Combinational        3.924347e-05 7.144809e-05 1.611089e-06 1.123026e-04  70.4%
Clock                -2.761637e-11 0.000000e+00 2.275350e-10 1.999186e-10   0.0%
Macro                0.000000e+00 0.000000e+00 0.000000e+00 0.000000e+00   0.0%
Pad                  0.000000e+00 0.000000e+00 0.000000e+00 0.000000e+00   0.0%
------------------------------------------------------------------------
Total                5.563116e-05 1.017764e-04 2.158174e-06 1.595658e-04 100.0%
                            34.9%        63.8%         1.4%

