
===========================================================================
 report_power
============================================================================
======================= max_tt_025C_1v80 Corner ===================================

Group                    Internal    Switching      Leakage        Total
                            Power        Power        Power        Power (Watts)
------------------------------------------------------------------------
Sequential           -5.599212e-08 0.000000e+00 3.454330e-10 -5.564668e-08  -0.4%
Combinational        4.093793e-06 9.188414e-06 1.188014e-09 1.328340e-05 100.4%
Clock                -1.617092e-11 0.000000e+00 3.142911e-10 2.981201e-10   0.0%
Macro                0.000000e+00 0.000000e+00 0.000000e+00 0.000000e+00   0.0%
Pad                  0.000000e+00 0.000000e+00 0.000000e+00 0.000000e+00   0.0%
------------------------------------------------------------------------
Total                4.037785e-06 9.188414e-06 1.847737e-09 1.322805e-05 100.0%
                            30.5%        69.5%         0.0%

