
===========================================================================
 report_power
============================================================================
======================= nom_ss_100C_1v60 Corner ===================================

Group                    Internal    Switching      Leakage        Total
                            Power        Power        Power        Power (Watts)
------------------------------------------------------------------------
Sequential           9.946488e-06 1.757538e-05 5.193622e-07 2.804123e-05  24.2%
Combinational        2.796144e-05 5.840932e-05 1.355049e-06 8.772581e-05  75.8%
Clock                -5.441922e-12 0.000000e+00 3.331486e-10 3.277067e-10   0.0%
Macro                0.000000e+00 0.000000e+00 0.000000e+00 0.000000e+00   0.0%
Pad                  0.000000e+00 0.000000e+00 0.000000e+00 0.000000e+00   0.0%
------------------------------------------------------------------------
Total                3.790792e-05 7.598472e-05 1.874745e-06 1.157674e-04 100.0%
                            32.7%        65.6%         1.6%

